Component: ARM Compiler 5.06 update 6 (build 750) Tool: armlink [4d35ed]

==============================================================================

Section Cross References

    startup_stm32f103xb.o(RESET) refers to startup_stm32f103xb.o(STACK) for __initial_sp
    startup_stm32f103xb.o(RESET) refers to startup_stm32f103xb.o(.text) for Reset_Handler
    startup_stm32f103xb.o(RESET) refers to stm32f1xx_it.o(i.NMI_Handler) for NMI_Handler
    startup_stm32f103xb.o(RESET) refers to stm32f1xx_it.o(i.HardFault_Handler) for HardFault_Handler
    startup_stm32f103xb.o(RESET) refers to stm32f1xx_it.o(i.MemManage_Handler) for MemManage_Handler
    startup_stm32f103xb.o(RESET) refers to stm32f1xx_it.o(i.BusFault_Handler) for BusFault_Handler
    startup_stm32f103xb.o(RESET) refers to stm32f1xx_it.o(i.UsageFault_Handler) for UsageFault_Handler
    startup_stm32f103xb.o(RESET) refers to stm32f1xx_it.o(i.SVC_Handler) for SVC_Handler
    startup_stm32f103xb.o(RESET) refers to stm32f1xx_it.o(i.DebugMon_Handler) for DebugMon_Handler
    startup_stm32f103xb.o(RESET) refers to stm32f1xx_it.o(i.PendSV_Handler) for PendSV_Handler
    startup_stm32f103xb.o(RESET) refers to stm32f1xx_it.o(i.SysTick_Handler) for SysTick_Handler
    startup_stm32f103xb.o(RESET) refers to stm32f1xx_it.o(i.RTC_IRQHandler) for RTC_IRQHandler
    startup_stm32f103xb.o(RESET) refers to stm32f1xx_it.o(i.USART2_IRQHandler) for USART2_IRQHandler
    startup_stm32f103xb.o(.text) refers to system_stm32f1xx.o(i.SystemInit) for SystemInit
    startup_stm32f103xb.o(.text) refers to entry.o(.ARM.Collect$$$$00000000) for __main
    main.o(i.SystemClock_Config) refers to memseta.o(.text) for __aeabi_memclr4
    main.o(i.SystemClock_Config) refers to stm32f1xx_hal_rcc.o(i.HAL_RCC_OscConfig) for HAL_RCC_OscConfig
    main.o(i.SystemClock_Config) refers to main.o(i.Error_Handler) for Error_Handler
    main.o(i.SystemClock_Config) refers to stm32f1xx_hal_rcc.o(i.HAL_RCC_ClockConfig) for HAL_RCC_ClockConfig
    main.o(i.SystemClock_Config) refers to stm32f1xx_hal_rcc_ex.o(i.HAL_RCCEx_PeriphCLKConfig) for HAL_RCCEx_PeriphCLKConfig
    main.o(i.SystemClock_Config) refers to stm32f1xx_hal_rcc.o(i.HAL_RCC_EnableCSS) for HAL_RCC_EnableCSS
    main.o(i.main) refers to stm32f1xx_hal.o(i.HAL_Init) for HAL_Init
    main.o(i.main) refers to main.o(i.SystemClock_Config) for SystemClock_Config
    main.o(i.main) refers to gpio.o(i.MX_GPIO_Init) for MX_GPIO_Init
    main.o(i.main) refers to usart.o(i.MX_USART1_UART_Init) for MX_USART1_UART_Init
    main.o(i.main) refers to usart.o(i.MX_USART2_UART_Init) for MX_USART2_UART_Init
    main.o(i.main) refers to adc.o(i.MX_ADC1_Init) for MX_ADC1_Init
    main.o(i.main) refers to tim.o(i.MX_TIM2_Init) for MX_TIM2_Init
    main.o(i.main) refers to rtc.o(i.MX_RTC_Init) for MX_RTC_Init
    main.o(i.main) refers to printfa.o(i.__0printf) for __2printf
    main.o(i.main) refers to stm32f1xx_hal.o(i.HAL_Delay) for HAL_Delay
    main.o(i.main) refers to ds18b20.o(i.DS18B20_Init) for DS18B20_Init
    main.o(i.main) refers to ds18b20.o(i.DS18B20_Get_Temp) for DS18B20_Get_Temp
    main.o(i.main) refers to m5310a.o(i.M5310A_Hardware_Init) for M5310A_Hardware_Init
    main.o(i.main) refers to m5310a.o(i.M5310A_Api_Init) for M5310A_Api_Init
    main.o(i.main) refers to stm32f1xx_hal_rtc_ex.o(i.HAL_RTCEx_SetSecond_IT) for HAL_RTCEx_SetSecond_IT
    main.o(i.main) refers to stm32f1xx_hal_gpio.o(i.HAL_GPIO_WritePin) for HAL_GPIO_WritePin
    main.o(i.main) refers to rtc.o(.bss) for hrtc
    gpio.o(i.MX_GPIO_Init) refers to stm32f1xx_hal_gpio.o(i.HAL_GPIO_WritePin) for HAL_GPIO_WritePin
    gpio.o(i.MX_GPIO_Init) refers to stm32f1xx_hal_gpio.o(i.HAL_GPIO_Init) for HAL_GPIO_Init
    adc.o(i.HAL_ADC_MspDeInit) refers to stm32f1xx_hal_gpio.o(i.HAL_GPIO_DeInit) for HAL_GPIO_DeInit
    adc.o(i.HAL_ADC_MspInit) refers to stm32f1xx_hal_gpio.o(i.HAL_GPIO_Init) for HAL_GPIO_Init
    adc.o(i.MX_ADC1_Init) refers to stm32f1xx_hal_adc.o(i.HAL_ADC_Init) for HAL_ADC_Init
    adc.o(i.MX_ADC1_Init) refers to main.o(i.Error_Handler) for Error_Handler
    adc.o(i.MX_ADC1_Init) refers to stm32f1xx_hal_adc.o(i.HAL_ADC_ConfigChannel) for HAL_ADC_ConfigChannel
    adc.o(i.MX_ADC1_Init) refers to adc.o(.bss) for hadc1
    rtc.o(i.HAL_RTCEx_RTCEventCallback) refers to ds18b20.o(i.DS18B20_Get_Temp) for DS18B20_Get_Temp
    rtc.o(i.HAL_RTCEx_RTCEventCallback) refers to fflti.o(.text) for __aeabi_i2f
    rtc.o(i.HAL_RTCEx_RTCEventCallback) refers to fdiv.o(.text) for __aeabi_fdiv
    rtc.o(i.HAL_RTCEx_RTCEventCallback) refers to f2d.o(.text) for __aeabi_f2d
    rtc.o(i.HAL_RTCEx_RTCEventCallback) refers to printfa.o(i.__0sprintf) for __2sprintf
    rtc.o(i.HAL_RTCEx_RTCEventCallback) refers to printfa.o(i.__0printf) for __2printf
    rtc.o(i.HAL_RTCEx_RTCEventCallback) refers to stm32f1xx_hal_gpio.o(i.HAL_GPIO_WritePin) for HAL_GPIO_WritePin
    rtc.o(i.HAL_RTCEx_RTCEventCallback) refers to m5310a.o(i.Brd_M5310A_AT_MIPLNOTIFY) for Brd_M5310A_AT_MIPLNOTIFY
[...]
    ..\Drivers\STM32F1xx_HAL_Driver\Src\stm32f1xx_hal_rcc_ex.c 0x00000000   Number         0  stm32f1xx_hal_rcc_ex.o ABSOLUTE
    ..\Drivers\STM32F1xx_HAL_Driver\Src\stm32f1xx_hal_rtc.c 0x00000000   Number         0  stm32f1xx_hal_rtc.o ABSOLUTE
    ..\Drivers\STM32F1xx_HAL_Driver\Src\stm32f1xx_hal_rtc_ex.c 0x00000000   Number         0  stm32f1xx_hal_rtc_ex.o ABSOLUTE
    ..\Drivers\STM32F1xx_HAL_Driver\Src\stm32f1xx_hal_tim.c 0x00000000   Number         0  stm32f1xx_hal_tim.o ABSOLUTE
    ..\Drivers\STM32F1xx_HAL_Driver\Src\stm32f1xx_hal_tim_ex.c 0x00000000   Number         0  stm32f1xx_hal_tim_ex.o ABSOLUTE
    ..\Drivers\STM32F1xx_HAL_Driver\Src\stm32f1xx_hal_uart.c 0x00000000   Number         0  stm32f1xx_hal_uart.o ABSOLUTE
    ..\Src\adc.c                             0x00000000   Number         0  adc.o ABSOLUTE
    ..\Src\gpio.c                            0x00000000   Number         0  gpio.o ABSOLUTE
    ..\Src\main.c                            0x00000000   Number         0  main.o ABSOLUTE
    ..\Src\rtc.c                             0x00000000   Number         0  rtc.o ABSOLUTE
    ..\Src\stm32f1xx_hal_msp.c               0x00000000   Number         0  stm32f1xx_hal_msp.o ABSOLUTE
    ..\Src\stm32f1xx_it.c                    0x00000000   Number         0  stm32f1xx_it.o ABSOLUTE
    ..\Src\sys.c                             0x00000000   Number         0  sys.o ABSOLUTE
    ..\Src\system_stm32f1xx.c                0x00000000   Number         0  system_stm32f1xx.o ABSOLUTE
    ..\Src\tim.c                             0x00000000   Number         0  tim.o ABSOLUTE
    ..\Src\usart.c                           0x00000000   Number         0  usart.o ABSOLUTE
    ..\\Drivers\\DS18B20\\ds18b20.c          0x00000000   Number         0  ds18b20.o ABSOLUTE
    ..\\Drivers\\M5310A\\AT_Command_Parser.c 0x00000000   Number         0  at_command_parser.o ABSOLUTE
    ..\\Drivers\\M5310A\\M5310A.c            0x00000000   Number         0  m5310a.o ABSOLUTE
    cdrcmple.s                               0x00000000   Number         0  cdrcmple.o ABSOLUTE
    dc.s                                     0x00000000   Number         0  dc.o ABSOLUTE
    handlers.s                               0x00000000   Number         0  handlers.o ABSOLUTE
    init.s                                   0x00000000   Number         0  init.o ABSOLUTE
    startup_stm32f103xb.s                    0x00000000   Number         0  startup_stm32f103xb.o ABSOLUTE
    RESET                                    0x08000000   Section      236  startup_stm32f103xb.o(RESET)
    .ARM.Collect$$$$00000000                 0x080000ec   Section        0  entry.o(.ARM.Collect$$$$00000000)
    .ARM.Collect$$$$00000001                 0x080000ec   Section        4  entry2.o(.ARM.Collect$$$$00000001)
    .ARM.Collect$$$$00000004                 0x080000f0   Section        4  entry5.o(.ARM.Collect$$$$00000004)
    .ARM.Collect$$$$00000008                 0x080000f4   Section        0  entry7b.o(.ARM.Collect$$$$00000008)
    .ARM.Collect$$$$0000000A                 0x080000f4   Section        0  entry8b.o(.ARM.Collect$$$$0000000A)
    .ARM.Collect$$$$0000000B                 0x080000f4   Section        8  entry9a.o(.ARM.Collect$$$$0000000B)
    .ARM.Collect$$$$0000000D                 0x080000fc   Section        0  entry10a.o(.ARM.Collect$$$$0000000D)
    .ARM.Collect$$$$0000000F                 0x080000fc   Section        0  entry11a.o(.ARM.Collect$$$$0000000F)
    .ARM.Collect$$$$00002712                 0x080000fc   Section        4  entry2.o(.ARM.Collect$$$$00002712)
    __lit__00000000                          0x080000fc   Data           4  entry2.o(.ARM.Collect$$$$00002712)
    .text                                    0x08000100   Section       36  startup_stm32f103xb.o(.text)
    .text                                    0x08000124   Section        0  llushr.o(.text)
    .text                                    0x08000144   Section        0  memcpya.o(.text)
    .text                                    0x08000168   Section        0  memseta.o(.text)
    .text                                    0x0800018c   Section        0  strlen.o(.text)
    .text                                    0x0800019a   Section        0  strncmp.o(.text)
    .text                                    0x080001b8   Section        0  __0sscanf.o(.text)
    .text                                    0x080001f0   Section        0  _scanf_longlong.o(.text)
    .text                                    0x08000346   Section        0  _scanf_int.o(.text)
    .text                                    0x08000492   Section        0  fdiv.o(.text)
    .text                                    0x0800050e   Section        0  fflti.o(.text)
    .text                                    0x08000520   Section        0  f2d.o(.text)
    .text                                    0x08000546   Section        0  uidiv.o(.text)
    .text                                    0x08000572   Section        0  uldiv.o(.text)
    .text                                    0x080005d4   Section        0  _chval.o(.text)
    .text                                    0x080005f0   Section        0  scanf_char.o(.text)
    _scanf_char_input                        0x080005f1   Thumb Code    12  scanf_char.o(.text)
    .text                                    0x08000618   Section        0  _sgetc.o(.text)
    .text                                    0x08000658   Section        0  iusefp.o(.text)
    .text                                    0x08000658   Section        0  fepilogue.o(.text)
    .text                                    0x080006c6   Section        0  dadd.o(.text)
    .text                                    0x08000814   Section        0  dmul.o(.text)
    .text                                    0x080008f8   Section        0  ddiv.o(.text)
    .text                                    0x080009d6   Section        0  dfixul.o(.text)
    .text                                    0x08000a08   Section       48  cdrcmple.o(.text)
    .text                                    0x08000a38   Section       36  init.o(.text)
    .text                                    0x08000a5c   Section        0  llshl.o(.text)
    .text                                    0x08000a7a   Section        0  llsshr.o(.text)
    .text                                    0x08000a9e   Section        0  isspace_c.o(.text)
    .text                                    0x08000aa8   Section        0  _scanf.o(.text)
    .text                                    0x08000dd4   Section        0  depilogue.o(.text)
    .text                                    0x08000e90   Section        0  ctype_c.o(.text)
    i.ADC_ConversionStop_Disable             0x08000eb8   Section        0  stm32f1xx_hal_adc.o(i.ADC_ConversionStop_Disable)
    i.ATAnswerCheck                          0x08000f0c   Section        0  at_command_parser.o(i.ATAnswerCheck)
    i.ATHandle                               0x08000f48   Section        0  at_command_parser.o(i.ATHandle)
    i.Active_report                          0x08000f6c   Section        0  at_command_parser.o(i.Active_report)
    i.Brd_M5310A_AT_CEREG                    0x08000f70   Section        0  m5310a.o(i.Brd_M5310A_AT_CEREG)
    i.Brd_M5310A_AT_CGSN                     0x08000fa0   Section        0  m5310a.o(i.Brd_M5310A_AT_CGSN)
    i.Brd_M5310A_AT_CIMI                     0x08000fd0   Section        0  m5310a.o(i.Brd_M5310A_AT_CIMI)
    i.Brd_M5310A_AT_CSQ                      0x08001000   Section        0  m5310a.o(i.Brd_M5310A_AT_CSQ)
    i.Brd_M5310A_AT_MIPLADDOBJ               0x08001030   Section        0  m5310a.o(i.Brd_M5310A_AT_MIPLADDOBJ)
    i.Brd_M5310A_AT_MIPLCONF                 0x080010bc   Section        0  m5310a.o(i.Brd_M5310A_AT_MIPLCONF)
    i.Brd_M5310A_AT_MIPLNOTIFY               0x080012d0   Section        0  m5310a.o(i.Brd_M5310A_AT_MIPLNOTIFY)
    i.Brd_M5310A_AT_MIPLOPEN                 0x08001374   Section        0  m5310a.o(i.Brd_M5310A_AT_MIPLOPEN)
    i.Brd_M5310A_Snd_AT                      0x080013f0   Section        0  m5310a.o(i.Brd_M5310A_Snd_AT)
    i.BusFault_Handler                       0x0800141c   Section        0  stm32f1xx_it.o(i.BusFault_Handler)
    i.DS18B20_Check                          0x08001420   Section        0  ds18b20.o(i.DS18B20_Check)
    i.DS18B20_Get_Temp                       0x08001478   Section        0  ds18b20.o(i.DS18B20_Get_Temp)
    i.DS18B20_IO_IN                          0x080014cc   Section        0  ds18b20.o(i.DS18B20_IO_IN)
    i.DS18B20_IO_OUT                         0x080014f4   Section        0  ds18b20.o(i.DS18B20_IO_OUT)
    i.DS18B20_Init                           0x0800151c   Section        0  ds18b20.o(i.DS18B20_Init)
    i.DS18B20_Read_Bit                       0x08001528   Section        0  ds18b20.o(i.DS18B20_Read_Bit)
    i.DS18B20_Read_Byte                      0x08001570   Section        0  ds18b20.o(i.DS18B20_Read_Byte)
    i.DS18B20_Rst                            0x08001594   Section        0  ds18b20.o(i.DS18B20_Rst)
    i.DS18B20_Start                          0x080015c4   Section        0  ds18b20.o(i.DS18B20_Start)
    i.DS18B20_Write_Byte                     0x080015dc   Section        0  ds18b20.o(i.DS18B20_Write_Byte)
    i.DebugMon_Handler                       0x08001640   Section        0  stm32f1xx_it.o(i.DebugMon_Handler)
    i.Error_Handler                          0x08001642   Section        0  main.o(i.Error_Handler)
    i.HAL_ADC_ConfigChannel                  0x08001644   Section        0  stm32f1xx_hal_adc.o(i.HAL_ADC_ConfigChannel)
    i.HAL_ADC_Init                           0x080017a4   Section        0  stm32f1xx_hal_adc.o(i.HAL_ADC_Init)
    i.HAL_ADC_MspInit                        0x080018e8   Section        0  adc.o(i.HAL_ADC_MspInit)
    i.HAL_DMA_Abort_IT                       0x08001958   Section        0  stm32f1xx_hal_dma.o(i.HAL_DMA_Abort_IT)
    i.HAL_Delay                              0x08001a08   Section        0  stm32f1xx_hal.o(i.HAL_Delay)
    i.HAL_GPIO_Init                          0x08001a30   Section        0  stm32f1xx_hal_gpio.o(i.HAL_GPIO_Init)
    i.HAL_GPIO_ReadPin                       0x08001d50   Section        0  stm32f1xx_hal_gpio.o(i.HAL_GPIO_ReadPin)
    i.HAL_GPIO_WritePin                      0x08001d60   Section        0  stm32f1xx_hal_gpio.o(i.HAL_GPIO_WritePin)
    i.HAL_GetTick                            0x08001d6c   Section        0  stm32f1xx_hal.o(i.HAL_GetTick)
    i.HAL_IncTick                            0x08001d78   Section        0  stm32f1xx_hal.o(i.HAL_IncTick)
    i.HAL_Init                               0x08001d90   Section        0  stm32f1xx_hal.o(i.HAL_Init)
    i.HAL_InitTick                           0x08001db8   Section        0  stm32f1xx_hal.o(i.HAL_InitTick)
    i.HAL_MspInit                            0x08001e04   Section        0  stm32f1xx_hal_msp.o(i.HAL_MspInit)
    i.HAL_NVIC_EnableIRQ                     0x08001e58   Section        0  stm32f1xx_hal_cortex.o(i.HAL_NVIC_EnableIRQ)
    i.HAL_NVIC_SetPriority                   0x08001e78   Section        0  stm32f1xx_hal_cortex.o(i.HAL_NVIC_SetPriority)
    i.HAL_NVIC_SetPriorityGrouping           0x08001ef4   Section        0  stm32f1xx_hal_cortex.o(i.HAL_NVIC_SetPriorityGrouping)
    i.HAL_PWR_EnableBkUpAccess               0x08001f1c   Section        0  stm32f1xx_hal_pwr.o(i.HAL_PWR_EnableBkUpAccess)
    i.HAL_RCCEx_GetPeriphCLKFreq             0x08001f28   Section        0  stm32f1xx_hal_rcc_ex.o(i.HAL_RCCEx_GetPeriphCLKFreq)
    i.HAL_RCCEx_PeriphCLKConfig              0x08002040   Section        0  stm32f1xx_hal_rcc_ex.o(i.HAL_RCCEx_PeriphCLKConfig)
    i.HAL_RCC_CSSCallback                    0x08002170   Section        0  stm32f1xx_hal_rcc.o(i.HAL_RCC_CSSCallback)
    i.HAL_RCC_ClockConfig                    0x08002174   Section        0  stm32f1xx_hal_rcc.o(i.HAL_RCC_ClockConfig)
    i.HAL_RCC_EnableCSS                      0x08002300   Section        0  stm32f1xx_hal_rcc.o(i.HAL_RCC_EnableCSS)
    i.HAL_RCC_GetHCLKFreq                    0x0800230c   Section        0  stm32f1xx_hal_rcc.o(i.HAL_RCC_GetHCLKFreq)
    i.HAL_RCC_GetPCLK1Freq                   0x08002318   Section        0  stm32f1xx_hal_rcc.o(i.HAL_RCC_GetPCLK1Freq)
    i.HAL_RCC_GetPCLK2Freq                   0x08002338   Section        0  stm32f1xx_hal_rcc.o(i.HAL_RCC_GetPCLK2Freq)
    i.HAL_RCC_GetSysClockFreq                0x08002358   Section        0  stm32f1xx_hal_rcc.o(i.HAL_RCC_GetSysClockFreq)
    i.HAL_RCC_NMI_IRQHandler                 0x080023ec   Section        0  stm32f1xx_hal_rcc.o(i.HAL_RCC_NMI_IRQHandler)
    i.HAL_RCC_OscConfig                      0x0800240c   Section        0  stm32f1xx_hal_rcc.o(i.HAL_RCC_OscConfig)
    i.HAL_RTCEx_RTCEventCallback             0x08002870   Section        0  rtc.o(i.HAL_RTCEx_RTCEventCallback)
    i.HAL_RTCEx_RTCEventErrorCallback        0x08002918   Section        0  stm32f1xx_hal_rtc_ex.o(i.HAL_RTCEx_RTCEventErrorCallback)
    i.HAL_RTCEx_RTCIRQHandler                0x0800291a   Section        0  stm32f1xx_hal_rtc_ex.o(i.HAL_RTCEx_RTCIRQHandler)
    i.HAL_RTCEx_SetSecond_IT                 0x08002964   Section        0  stm32f1xx_hal_rtc_ex.o(i.HAL_RTCEx_SetSecond_IT)
    i.HAL_RTC_Init                           0x080029a0   Section        0  stm32f1xx_hal_rtc.o(i.HAL_RTC_Init)
    i.HAL_RTC_MspInit                        0x08002a70   Section        0  rtc.o(i.HAL_RTC_MspInit)
    i.HAL_RTC_SetDate                        0x08002ac0   Section        0  stm32f1xx_hal_rtc.o(i.HAL_RTC_SetDate)
    i.HAL_RTC_SetTime                        0x08002bb8   Section        0  stm32f1xx_hal_rtc.o(i.HAL_RTC_SetTime)
    i.HAL_RTC_WaitForSynchro                 0x08002c94   Section        0  stm32f1xx_hal_rtc.o(i.HAL_RTC_WaitForSynchro)
    i.HAL_SYSTICK_Config                     0x08002cd4   Section        0  stm32f1xx_hal_cortex.o(i.HAL_SYSTICK_Config)
    i.HAL_TIMEx_MasterConfigSynchronization  0x08002d08   Section        0  stm32f1xx_hal_tim_ex.o(i.HAL_TIMEx_MasterConfigSynchronization)
    i.HAL_TIM_Base_Init                      0x08002d5c   Section        0  stm32f1xx_hal_tim.o(i.HAL_TIM_Base_Init)
    i.HAL_TIM_Base_MspInit                   0x08002d90   Section        0  tim.o(i.HAL_TIM_Base_MspInit)
    i.HAL_TIM_Base_Start                     0x08002dbc   Section        0  stm32f1xx_hal_tim.o(i.HAL_TIM_Base_Start)
    i.HAL_TIM_Base_Stop                      0x08002de6   Section        0  stm32f1xx_hal_tim.o(i.HAL_TIM_Base_Stop)
    i.HAL_TIM_ConfigClockSource              0x08002e1e   Section        0  stm32f1xx_hal_tim.o(i.HAL_TIM_ConfigClockSource)
    i.HAL_UART_ErrorCallback                 0x08002f26   Section        0  stm32f1xx_hal_uart.o(i.HAL_UART_ErrorCallback)
    i.HAL_UART_IRQHandler                    0x08002f28   Section        0  stm32f1xx_hal_uart.o(i.HAL_UART_IRQHandler)
    i.HAL_UART_Init                          0x08003074   Section        0  stm32f1xx_hal_uart.o(i.HAL_UART_Init)
    i.HAL_UART_MspInit                       0x080030e8   Section        0  usart.o(i.HAL_UART_MspInit)
    i.HAL_UART_Receive_IT                    0x080031e8   Section        0  stm32f1xx_hal_uart.o(i.HAL_UART_Receive_IT)
    i.HAL_UART_RxCpltCallback                0x08003258   Section        0  usart.o(i.HAL_UART_RxCpltCallback)
    i.HAL_UART_Transmit                      0x08003270   Section        0  stm32f1xx_hal_uart.o(i.HAL_UART_Transmit)
    i.HAL_UART_Transmit_IT                   0x08003346   Section        0  stm32f1xx_hal_uart.o(i.HAL_UART_Transmit_IT)
    i.HAL_UART_TxCpltCallback                0x0800339e   Section        0  stm32f1xx_hal_uart.o(i.HAL_UART_TxCpltCallback)
    i.HardFault_Handler                      0x080033a0   Section        0  stm32f1xx_it.o(i.HardFault_Handler)
    i.M5310A_Api_Init                        0x080033a4   Section        0  m5310a.o(i.M5310A_Api_Init)
    i.M5310A_Hardware_Init                   0x080035f0   Section        0  m5310a.o(i.M5310A_Hardware_Init)
    i.M5310A_Recv_Enable_Clear               0x0800361c   Section        0  m5310a.o(i.M5310A_Recv_Enable_Clear)
    i.M5310A_RxCallBack                      0x08003644   Section        0  m5310a.o(i.M5310A_RxCallBack)
    i.MESetAtState                           0x080037a8   Section        0  m5310a.o(i.MESetAtState)
    i.MX_ADC1_Init                           0x080037bc   Section        0  adc.o(i.MX_ADC1_Init)
    i.MX_GPIO_Init                           0x08003818   Section        0  gpio.o(i.MX_GPIO_Init)
    i.MX_RTC_Init                            0x080038cc   Section        0  rtc.o(i.MX_RTC_Init)
    i.MX_TIM2_Init                           0x08003940   Section        0  tim.o(i.MX_TIM2_Init)
    i.MX_USART1_UART_Init                    0x080039ac   Section        0  usart.o(i.MX_USART1_UART_Init)
    i.MX_USART2_UART_Init                    0x080039e4   Section        0  usart.o(i.MX_USART2_UART_Init)
    i.MemManage_Handler                      0x08003a1c   Section        0  stm32f1xx_it.o(i.MemManage_Handler)
    i.NMI_Handler                            0x08003a20   Section        0  stm32f1xx_it.o(i.NMI_Handler)
    i.PendSV_Handler                         0x08003a28   Section        0  stm32f1xx_it.o(i.PendSV_Handler)
    i.RCC_Delay                              0x08003a2c   Section        0  stm32f1xx_hal_rcc.o(i.RCC_Delay)
    RCC_Delay                                0x08003a2d   Thumb Code    36  stm32f1xx_hal_rcc.o(i.RCC_Delay)
    i.RTC_Bcd2ToByte                         0x08003a54   Section        0  stm32f1xx_hal_rtc.o(i.RTC_Bcd2ToByte)
    RTC_Bcd2ToByte                           0x08003a55   Thumb Code    22  stm32f1xx_hal_rtc.o(i.RTC_Bcd2ToByte)
    i.RTC_EnterInitMode                      0x08003a6a   Section        0  stm32f1xx_hal_rtc.o(i.RTC_EnterInitMode)
    RTC_EnterInitMode                        0x08003a6b   Thumb Code    58  stm32f1xx_hal_rtc.o(i.RTC_EnterInitMode)
    i.RTC_ExitInitMode                       0x08003aa4   Section        0  stm32f1xx_hal_rtc.o(i.RTC_ExitInitMode)
    RTC_ExitInitMode                         0x08003aa5   Thumb Code    58  stm32f1xx_hal_rtc.o(i.RTC_ExitInitMode)
    i.RTC_IRQHandler                         0x08003ae0   Section        0  stm32f1xx_it.o(i.RTC_IRQHandler)
    i.RTC_ReadAlarmCounter                   0x08003af0   Section        0  stm32f1xx_hal_rtc.o(i.RTC_ReadAlarmCounter)
    RTC_ReadAlarmCounter                     0x08003af1   Thumb Code    24  stm32f1xx_hal_rtc.o(i.RTC_ReadAlarmCounter)
    i.RTC_ReadTimeCounter                    0x08003b08   Section        0  stm32f1xx_hal_rtc.o(i.RTC_ReadTimeCounter)
    RTC_ReadTimeCounter                      0x08003b09   Thumb Code    52  stm32f1xx_hal_rtc.o(i.RTC_ReadTimeCounter)
    i.RTC_WeekDayNum                         0x08003b3c   Section        0  stm32f1xx_hal_rtc.o(i.RTC_WeekDayNum)
    RTC_WeekDayNum                           0x08003b3d   Thumb Code   132  stm32f1xx_hal_rtc.o(i.RTC_WeekDayNum)
    i.RTC_WriteAlarmCounter                  0x08003bc0   Section        0  stm32f1xx_hal_rtc.o(i.RTC_WriteAlarmCounter)
    RTC_WriteAlarmCounter                    0x08003bc1   Thumb Code    46  stm32f1xx_hal_rtc.o(i.RTC_WriteAlarmCounter)
    i.RTC_WriteTimeCounter                   0x08003bee   Section        0  stm32f1xx_hal_rtc.o(i.RTC_WriteTimeCounter)
    RTC_WriteTimeCounter                     0x08003bef   Thumb Code    46  stm32f1xx_hal_rtc.o(i.RTC_WriteTimeCounter)
    i.SVC_Handler                            0x08003c1c   Section        0  stm32f1xx_it.o(i.SVC_Handler)
    i.Send_At_Command                        0x08003c20   Section        0  m5310a.o(i.Send_At_Command)
    i.SysTick_Handler                        0x08003ccc   Section        0  stm32f1xx_it.o(i.SysTick_Handler)
    i.SystemClock_Config                     0x08003cd4   Section        0  main.o(i.SystemClock_Config)
    i.SystemInit                             0x08003d68   Section        0  system_stm32f1xx.o(i.SystemInit)
    i.TIM_Base_SetConfig                     0x08003dc0   Section        0  stm32f1xx_hal_tim.o(i.TIM_Base_SetConfig)
    i.TIM_ETR_SetConfig                      0x08003e34   Section        0  stm32f1xx_hal_tim.o(i.TIM_ETR_SetConfig)
    i.TIM_ITRx_SetConfig                     0x08003e4a   Section        0  stm32f1xx_hal_tim.o(i.TIM_ITRx_SetConfig)
    TIM_ITRx_SetConfig                       0x08003e4b   Thumb Code    18  stm32f1xx_hal_tim.o(i.TIM_ITRx_SetConfig)
    i.TIM_TI1_ConfigInputStage               0x08003e5c   Section        0  stm32f1xx_hal_tim.o(i.TIM_TI1_ConfigInputStage)
    TIM_TI1_ConfigInputStage                 0x08003e5d   Thumb Code    38  stm32f1xx_hal_tim.o(i.TIM_TI1_ConfigInputStage)
    i.TIM_TI2_ConfigInputStage               0x08003e82   Section        0  stm32f1xx_hal_tim.o(i.TIM_TI2_ConfigInputStage)
    TIM_TI2_ConfigInputStage                 0x08003e83   Thumb Code    40  stm32f1xx_hal_tim.o(i.TIM_TI2_ConfigInputStage)
    i.UART_DMAAbortOnError                   0x08003eaa   Section        0  stm32f1xx_hal_uart.o(i.UART_DMAAbortOnError)
    UART_DMAAbortOnError                     0x08003eab   Thumb Code    20  stm32f1xx_hal_uart.o(i.UART_DMAAbortOnError)
    i.UART_EndRxTransfer                     0x08003ebe   Section        0  stm32f1xx_hal_uart.o(i.UART_EndRxTransfer)
    UART_EndRxTransfer                       0x08003ebf   Thumb Code    32  stm32f1xx_hal_uart.o(i.UART_EndRxTransfer)
    i.UART_EndTransmit_IT                    0x08003ede   Section        0  stm32f1xx_hal_uart.o(i.UART_EndTransmit_IT)
    UART_EndTransmit_IT                      0x08003edf   Thumb Code    32  stm32f1xx_hal_uart.o(i.UART_EndTransmit_IT)
    i.UART_Receive_IT                        0x08003efe   Section        0  stm32f1xx_hal_uart.o(i.UART_Receive_IT)
    UART_Receive_IT                          0x08003eff   Thumb Code   166  stm32f1xx_hal_uart.o(i.UART_Receive_IT)
    i.UART_SetConfig                         0x08003fa4   Section        0  stm32f1xx_hal_uart.o(i.UART_SetConfig)
    UART_SetConfig                           0x08003fa5   Thumb Code   412  stm32f1xx_hal_uart.o(i.UART_SetConfig)
    i.UART_Transmit_IT                       0x08004144   Section        0  stm32f1xx_hal_uart.o(i.UART_Transmit_IT)
    UART_Transmit_IT                         0x08004145   Thumb Code   104  stm32f1xx_hal_uart.o(i.UART_Transmit_IT)
    i.UART_WaitOnFlagUntilTimeout            0x080041ac   Section        0  stm32f1xx_hal_uart.o(i.UART_WaitOnFlagUntilTimeout)
    UART_WaitOnFlagUntilTimeout              0x080041ad   Thumb Code   108  stm32f1xx_hal_uart.o(i.UART_WaitOnFlagUntilTimeout)
    i.USART2_IRQHandler                      0x08004218   Section        0  stm32f1xx_it.o(i.USART2_IRQHandler)
    i.UsageFault_Handler                     0x08004228   Section        0  stm32f1xx_it.o(i.UsageFault_Handler)
    i.WaitCSQHandler                         0x0800422c   Section        0  at_command_parser.o(i.WaitCSQHandler)
    i.WaitCeregHandler                       0x080042c4   Section        0  at_command_parser.o(i.WaitCeregHandler)
    i.WaitCgsnHandler                        0x08004364   Section        0  at_command_parser.o(i.WaitCgsnHandler)
    i.WaitCimiHandler                        0x080043fc   Section        0  at_command_parser.o(i.WaitCimiHandler)
    i.WaitMipladdobjHandler                  0x08004480   Section        0  at_command_parser.o(i.WaitMipladdobjHandler)
    i.WaitMiplcloseHandler                   0x080044c0   Section        0  at_command_parser.o(i.WaitMiplcloseHandler)
    i.WaitMiplconfHandler                    0x08004550   Section        0  at_command_parser.o(i.WaitMiplconfHandler)
    i.WaitMipldelHandler                     0x080045d4   Section        0  at_command_parser.o(i.WaitMipldelHandler)
    i.WaitMipldelobjHandler                  0x08004610   Section        0  at_command_parser.o(i.WaitMipldelobjHandler)
    i.WaitMiplnotifyHandler                  0x0800464c   Section        0  at_command_parser.o(i.WaitMiplnotifyHandler)
    i.WaitMiplopenHandler                    0x08004688   Section        0  at_command_parser.o(i.WaitMiplopenHandler)
    i.WaitMiplreadHandler                    0x08004774   Section        0  at_command_parser.o(i.WaitMiplreadHandler)
    i.Wait_Rec_AT                            0x080047b0   Section        0  m5310a.o(i.Wait_Rec_AT)
    i.WatiATHandler                          0x080047f0   Section        0  at_command_parser.o(i.WatiATHandler)
    i.__0printf                              0x0800482c   Section        0  printfa.o(i.__0printf)
    i.__0snprintf                            0x0800484c   Section        0  printfa.o(i.__0snprintf)
    i.__0sprintf                             0x0800487c   Section        0  printfa.o(i.__0sprintf)
    i.__NVIC_GetPriorityGrouping             0x080048a4   Section        0  stm32f1xx_hal_cortex.o(i.__NVIC_GetPriorityGrouping)
    __NVIC_GetPriorityGrouping               0x080048a5   Thumb Code    10  stm32f1xx_hal_cortex.o(i.__NVIC_GetPriorityGrouping)
    i.__NVIC_SetPriority                     0x080048b4   Section        0  stm32f1xx_hal_cortex.o(i.__NVIC_SetPriority)
    __NVIC_SetPriority                       0x080048b5   Thumb Code    32  stm32f1xx_hal_cortex.o(i.__NVIC_SetPriority)
    i.__scatterload_copy                     0x080048dc   Section       14  handlers.o(i.__scatterload_copy)
    i.__scatterload_null                     0x080048ea   Section        2  handlers.o(i.__scatterload_null)
    i.__scatterload_zeroinit                 0x080048ec   Section       14  handlers.o(i.__scatterload_zeroinit)
    i._fp_digits                             0x080048fc   Section        0  printfa.o(i._fp_digits)
    _fp_digits                               0x080048fd   Thumb Code   366  printfa.o(i._fp_digits)
    i._printf_core                           0x08004a80   Section        0  printfa.o(i._printf_core)
    _printf_core                             0x08004a81   Thumb Code  1744  printfa.o(i._printf_core)
    i._printf_post_padding                   0x0800515c   Section        0  printfa.o(i._printf_post_padding)
    _printf_post_padding                     0x0800515d   Thumb Code    36  printfa.o(i._printf_post_padding)
    i._printf_pre_padding                    0x08005180   Section        0  printfa.o(i._printf_pre_padding)
    _printf_pre_padding                      0x08005181   Thumb Code    46  printfa.o(i._printf_pre_padding)
    i._snputc                                0x080051ae   Section        0  printfa.o(i._snputc)
    _snputc                                  0x080051af   Thumb Code    22  printfa.o(i._snputc)
    i._sputc                                 0x080051c4   Section        0  printfa.o(i._sputc)
    _sputc                                   0x080051c5   Thumb Code    10  printfa.o(i._sputc)
    i.delay_us                               0x080051d0   Section        0  tim.o(i.delay_us)
    i.fputc                                  0x080051fc   Section        0  usart.o(i.fputc)
    i.free                                   0x08005218   Section        0  malloc.o(i.free)
    i.main                                   0x08005268   Section        0  main.o(i.main)
    i.malloc                                 0x08005364   Section        0  malloc.o(i.malloc)
    .constdata                               0x080053d0   Section       24  system_stm32f1xx.o(.constdata)
    .constdata                               0x080053e8   Section       56  at_command_parser.o(.constdata)
    .constdata                               0x08005420   Section       64  ctype_c.o(.constdata)
    .data                                    0x20000000   Section        1  rtc.o(.data)
    .data                                    0x20000004   Section        9  stm32f1xx_hal.o(.data)
    .data                                    0x20000010   Section        4  system_stm32f1xx.o(.data)
    .data                                    0x20000014   Section        7  at_command_parser.o(.data)
    cnt                                      0x20000014   Data           1  at_command_parser.o(.data)
    cnt                                      0x20000015   Data           1  at_command_parser.o(.data)
    cnt                                      0x20000016   Data           1  at_command_parser.o(.data)
    cnt                                      0x20000017   Data           1  at_command_parser.o(.data)
    cnt                                      0x20000018   Data           1  at_command_parser.o(.data)
    cnt                                      0x20000019   Data           1  at_command_parser.o(.data)
    cnt                                      0x2000001a   Data           1  at_command_parser.o(.data)
    .data                                    0x2000001c   Section        4  stdout.o(.data)
    .data                                    0x20000020   Section        4  mvars.o(.data)
    .data                                    0x20000024   Section        4  mvars.o(.data)
    .bss                                     0x20000028   Section       48  adc.o(.bss)
    .bss                                     0x20000058   Section       20  rtc.o(.bss)
    .bss                                     0x2000006c   Section       64  tim.o(.bss)
    .bss                                     0x200000ac   Section      128  usart.o(.bss)
    .bss                                     0x20000130   Section      216  m5310a.o(.bss)
    HEAP                                     0x20000208   Section      512  startup_stm32f103xb.o(HEAP)
    STACK                                    0x20000408   Section     1024  startup_stm32f103xb.o(STACK)

    Global Symbols

    Symbol Name                              Value     Ov Type        Size  Object(Section)

    BuildAttributes$$THM_ISAv4$P$D$K$B$S$PE$A:L22UL41UL21$X:L11$S22US41US21$IEEE1$IW$USESV6$~STKCKD$USESV7$~SHL$OTIME$ROPI$EBA8$MICROLIB$REQ8$PRES8$EABIv2 0x00000000   Number         0  anon$$obj.o ABSOLUTE
    __ARM_use_no_argv                        0x00000000   Number         0  main.o ABSOLUTE
    _printf_a                                0x00000000   Number         0  stubs.o ABSOLUTE
    _printf_c                                0x00000000   Number         0  stubs.o ABSOLUTE
    _printf_charcount                        0x00000000   Number         0  stubs.o ABSOLUTE
    _printf_d                                0x00000000   Number         0  stubs.o ABSOLUTE
    _printf_e                                0x00000000   Number         0  stubs.o ABSOLUTE
    _printf_f                                0x00000000   Number         0  stubs.o ABSOLUTE
    _printf_flags                            0x00000000   Number         0  stubs.o ABSOLUTE
    _printf_fp_dec                           0x00000000   Number         0  stubs.o ABSOLUTE
    _printf_fp_hex                           0x00000000   Number         0  stubs.o ABSOLUTE
    _printf_g                                0x00000000   Number         0  stubs.o ABSOLUTE
    _printf_i                                0x00000000   Number         0  stubs.o ABSOLUTE
    _printf_int_dec                          0x00000000   Number         0  stubs.o ABSOLUTE
    _printf_l                                0x00000000   Number         0  stubs.o ABSOLUTE
    _printf_lc                               0x00000000   Number         0  stubs.o ABSOLUTE
    _printf_ll                               0x00000000   Number         0  stubs.o ABSOLUTE
    _printf_lld                              0x00000000   Number         0  stubs.o ABSOLUTE
    _printf_lli                              0x00000000   Number         0  stubs.o ABSOLUTE
    _printf_llo                              0x00000000   Number         0  stubs.o ABSOLUTE
    _printf_llu                              0x00000000   Number         0  stubs.o ABSOLUTE
    _printf_llx                              0x00000000   Number         0  stubs.o ABSOLUTE
    _printf_longlong_dec                     0x00000000   Number         0  stubs.o ABSOLUTE
    _printf_longlong_hex                     0x00000000   Number         0  stubs.o ABSOLUTE
    _printf_longlong_oct                     0x00000000   Number         0  stubs.o ABSOLUTE
    _printf_ls                               0x00000000   Number         0  stubs.o ABSOLUTE
    _printf_mbtowc                           0x00000000   Number         0  stubs.o ABSOLUTE
    _printf_n                                0x00000000   Number         0  stubs.o ABSOLUTE
    _printf_o                                0x00000000   Number         0  stubs.o ABSOLUTE
    _printf_p                                0x00000000   Number         0  stubs.o ABSOLUTE
    _printf_percent                          0x00000000   Number         0  stubs.o ABSOLUTE
    _printf_pre_padding                      0x00000000   Number         0  stubs.o ABSOLUTE
    _printf_return_value                     0x00000000   Number         0  stubs.o ABSOLUTE
    _printf_s                                0x00000000   Number         0  stubs.o ABSOLUTE
    _printf_sizespec                         0x00000000   Number         0  stubs.o ABSOLUTE
    _printf_str                              0x00000000   Number         0  stubs.o ABSOLUTE
    _printf_truncate_signed                  0x00000000   Number         0  stubs.o ABSOLUTE
    _printf_truncate_unsigned                0x00000000   Number         0  stubs.o ABSOLUTE
    _printf_u                                0x00000000   Number         0  stubs.o ABSOLUTE
    _printf_wc                               0x00000000   Number         0  stubs.o ABSOLUTE
    _printf_wctomb                           0x00000000   Number         0  stubs.o ABSOLUTE
    _printf_widthprec                        0x00000000   Number         0  stubs.o ABSOLUTE
    _printf_x                                0x00000000   Number         0  stubs.o ABSOLUTE
    __cpp_initialize__aeabi_                  - Undefined Weak Reference
    __cxa_finalize                            - Undefined Weak Reference
    __decompress                              - Undefined Weak Reference
    _clock_init                               - Undefined Weak Reference
    _microlib_exit                            - Undefined Weak Reference
    _scanf_real                               - Undefined Weak Reference
    _scanf_string                             - Undefined Weak Reference
    __Vectors_Size                           0x000000ec   Number         0  startup_stm32f103xb.o ABSOLUTE
    __Vectors                                0x08000000   Data           4  startup_stm32f103xb.o(RESET)
    __Vectors_End                            0x080000ec   Data           0  startup_stm32f103xb.o(RESET)
    __main                                   0x080000ed   Thumb Code     0  entry.o(.ARM.Collect$$$$00000000)
    _main_stk                                0x080000ed   Thumb Code     0  entry2.o(.ARM.Collect$$$$00000001)
    _main_scatterload                        0x080000f1   Thumb Code     0  entry5.o(.ARM.Collect$$$$00000004)
    __main_after_scatterload                 0x080000f5   Thumb Code     0  entry5.o(.ARM.Collect$$$$00000004)
    _main_clock                              0x080000f5   Thumb Code     0  entry7b.o(.ARM.Collect$$$$00000008)
    _main_cpp_init                           0x080000f5   Thumb Code     0  entry8b.o(.ARM.Collect$$$$0000000A)
    _main_init                               0x080000f5   Thumb Code     0  entry9a.o(.ARM.Collect$$$$0000000B)
    __rt_final_cpp                           0x080000fd   Thumb Code     0  entry10a.o(.ARM.Collect$$$$0000000D)
    __rt_final_exit                          0x080000fd   Thumb Code     0  entry11a.o(.ARM.Collect$$$$0000000F)
    Reset_Handler                            0x08000101   Thumb Code     8  startup_stm32f103xb.o(.text)
    ADC1_2_IRQHandler                        0x0800011b   Thumb Code     0  startup_stm32f103xb.o(.text)
    CAN1_RX1_IRQHandler                      0x0800011b   Thumb Code     0  startup_stm32f103xb.o(.text)
    CAN1_SCE_IRQHandler                      0x0800011b   Thumb Code     0  startup_stm32f103xb.o(.text)
    DMA1_Channel1_IRQHandler                 0x0800011b   Thumb Code     0  startup_stm32f103xb.o(.text)
    DMA1_Channel2_IRQHandler                 0x0800011b   Thumb Code     0  startup_stm32f103xb.o(.text)
    DMA1_Channel3_IRQHandler                 0x0800011b   Thumb Code     0  startup_stm32f103xb.o(.text)
    DMA1_Channel4_IRQHandler                 0x0800011b   Thumb Code     0  startup_stm32f103xb.o(.text)
    DMA1_Channel5_IRQHandler                 0x0800011b   Thumb Code     0  startup_stm32f103xb.o(.text)
    DMA1_Channel6_IRQHandler                 0x0800011b   Thumb Code     0  startup_stm32f103xb.o(.text)
    DMA1_Channel7_IRQHandler                 0x0800011b   Thumb Code     0  startup_stm32f103xb.o(.text)
    EXTI0_IRQHandler                         0x0800011b   Thumb Code     0  startup_stm32f103xb.o(.text)
    EXTI15_10_IRQHandler                     0x0800011b   Thumb Code     0  startup_stm32f103xb.o(.text)
    EXTI1_IRQHandler                         0x0800011b   Thumb Code     0  startup_stm32f103xb.o(.text)
    EXTI2_IRQHandler                         0x0800011b   Thumb Code     0  startup_stm32f103xb.o(.text)
    EXTI3_IRQHandler                         0x0800011b   Thumb Code     0  startup_stm32f103xb.o(.text)
    EXTI4_IRQHandler                         0x0800011b   Thumb Code     0  startup_stm32f103xb.o(.text)
    EXTI9_5_IRQHandler                       0x0800011b   Thumb Code     0  startup_stm32f103xb.o(.text)
    FLASH_IRQHandler                         0x0800011b   Thumb Code     0  startup_stm32f103xb.o(.text)
    I2C1_ER_IRQHandler                       0x0800011b   Thumb Code     0  startup_stm32f103xb.o(.text)
    I2C1_EV_IRQHandler                       0x0800011b   Thumb Code     0  startup_stm32f103xb.o(.text)
    I2C2_ER_IRQHandler                       0x0800011b   Thumb Code     0  startup_stm32f103xb.o(.text)
    I2C2_EV_IRQHandler                       0x0800011b   Thumb Code     0  startup_stm32f103xb.o(.text)
    PVD_IRQHandler                           0x0800011b   Thumb Code     0  startup_stm32f103xb.o(.text)
    RCC_IRQHandler                           0x0800011b   Thumb Code     0  startup_stm32f103xb.o(.text)
    RTC_Alarm_IRQHandler                     0x0800011b   Thumb Code     0  startup_stm32f103xb.o(.text)
    SPI1_IRQHandler                          0x0800011b   Thumb Code     0  startup_stm32f103xb.o(.text)
    SPI2_IRQHandler                          0x0800011b   Thumb Code     0  startup_stm32f103xb.o(.text)
    TAMPER_IRQHandler                        0x0800011b   Thumb Code     0  startup_stm32f103xb.o(.text)
    TIM1_BRK_IRQHandler                      0x0800011b   Thumb Code     0  startup_stm32f103xb.o(.text)
    TIM1_CC_IRQHandler                       0x0800011b   Thumb Code     0  startup_stm32f103xb.o(.text)
    TIM1_TRG_COM_IRQHandler                  0x0800011b   Thumb Code     0  startup_stm32f103xb.o(.text)
    TIM1_UP_IRQHandler                       0x0800011b   Thumb Code     0  startup_stm32f103xb.o(.text)
    TIM2_IRQHandler                          0x0800011b   Thumb Code     0  startup_stm32f103xb.o(.text)
    TIM3_IRQHandler                          0x0800011b   Thumb Code     0  startup_stm32f103xb.o(.text)
    TIM4_IRQHandler                          0x0800011b   Thumb Code     0  startup_stm32f103xb.o(.text)
    USART1_IRQHandler                        0x0800011b   Thumb Code     0  startup_stm32f103xb.o(.text)
    USART3_IRQHandler                        0x0800011b   Thumb Code     0  startup_stm32f103xb.o(.text)
    USBWakeUp_IRQHandler                     0x0800011b   Thumb Code     0  startup_stm32f103xb.o(.text)
    USB_HP_CAN1_TX_IRQHandler                0x0800011b   Thumb Code     0  startup_stm32f103xb.o(.text)
    USB_LP_CAN1_RX0_IRQHandler               0x0800011b   Thumb Code     0  startup_stm32f103xb.o(.text)
    WWDG_IRQHandler                          0x0800011b   Thumb Code     0  startup_stm32f103xb.o(.text)
    __aeabi_llsr                             0x08000125   Thumb Code    32  llushr.o(.text)
    _ll_ushift_r                             0x08000125   Thumb Code     0  llushr.o(.text)
    __aeabi_memcpy                           0x08000145   Thumb Code    36  memcpya.o(.text)
    __aeabi_memcpy4                          0x08000145   Thumb Code     0  memcpya.o(.text)
    __aeabi_memcpy8                          0x08000145   Thumb Code     0  memcpya.o(.text)
    __aeabi_memset                           0x08000169   Thumb Code    14  memseta.o(.text)
    __aeabi_memset4                          0x08000169   Thumb Code     0  memseta.o(.text)
    __aeabi_memset8                          0x08000169   Thumb Code     0  memseta.o(.text)
    __aeabi_memclr                           0x08000177   Thumb Code     4  memseta.o(.text)
    __aeabi_memclr4                          0x08000177   Thumb Code     0  memseta.o(.text)
    __aeabi_memclr8                          0x08000177   Thumb Code     0  memseta.o(.text)
    _memset$wrapper                          0x0800017b   Thumb Code    18  memseta.o(.text)
    strlen                                   0x0800018d   Thumb Code    14  strlen.o(.text)
    strncmp                                  0x0800019b   Thumb Code    30  strncmp.o(.text)
    __0sscanf                                0x080001b9   Thumb Code    48  __0sscanf.o(.text)
    _scanf_longlong                          0x080001f1   Thumb Code   342  _scanf_longlong.o(.text)
    _scanf_int                               0x08000347   Thumb Code   332  _scanf_int.o(.text)
    __aeabi_fdiv                             0x08000493   Thumb Code   124  fdiv.o(.text)
    __aeabi_i2f                              0x0800050f   Thumb Code    18  fflti.o(.text)
    __aeabi_f2d                              0x08000521   Thumb Code    38  f2d.o(.text)
    __aeabi_uidiv                            0x08000547   Thumb Code     0  uidiv.o(.text)
    __aeabi_uidivmod                         0x08000547   Thumb Code    44  uidiv.o(.text)
    __aeabi_uldivmod                         0x08000573   Thumb Code    98  uldiv.o(.text)
    _chval                                   0x080005d5   Thumb Code    28  _chval.o(.text)
    __vfscanf_char                           0x080005fd   Thumb Code    20  scanf_char.o(.text)
    _sgetc                                   0x08000619   Thumb Code    30  _sgetc.o(.text)
    _sbackspace                              0x08000637   Thumb Code    34  _sgetc.o(.text)
    __I$use$fp                               0x08000659   Thumb Code     0  iusefp.o(.text)
    _float_round                             0x08000659   Thumb Code    18  fepilogue.o(.text)
    _float_epilogue                          0x0800066b   Thumb Code    92  fepilogue.o(.text)
    __aeabi_dadd                             0x080006c7   Thumb Code   322  dadd.o(.text)
    __aeabi_dsub                             0x08000809   Thumb Code     6  dadd.o(.text)
    __aeabi_drsub                            0x0800080f   Thumb Code     6  dadd.o(.text)
    __aeabi_dmul                             0x08000815   Thumb Code   228  dmul.o(.text)
    __aeabi_ddiv                             0x080008f9   Thumb Code   222  ddiv.o(.text)
    __aeabi_d2ulz                            0x080009d7   Thumb Code    48  dfixul.o(.text)
    __aeabi_cdrcmple                         0x08000a09   Thumb Code    48  cdrcmple.o(.text)
    __scatterload                            0x08000a39   Thumb Code    28  init.o(.text)
    __scatterload_rt2                        0x08000a39   Thumb Code     0  init.o(.text)
    __aeabi_llsl                             0x08000a5d   Thumb Code    30  llshl.o(.text)
    _ll_shift_l                              0x08000a5d   Thumb Code     0  llshl.o(.text)
    __aeabi_lasr                             0x08000a7b   Thumb Code    36  llsshr.o(.text)
    _ll_sshift_r                             0x08000a7b   Thumb Code     0  llsshr.o(.text)
    isspace                                  0x08000a9f   Thumb Code    10  isspace_c.o(.text)
    __vfscanf                                0x08000aa9   Thumb Code   808  _scanf.o(.text)
    _double_round                            0x08000dd5   Thumb Code    30  depilogue.o(.text)
    _double_epilogue                         0x08000df3   Thumb Code   156  depilogue.o(.text)
    __ctype_lookup                           0x08000e91   Thumb Code    34  ctype_c.o(.text)
    ADC_ConversionStop_Disable               0x08000eb9   Thumb Code    82  stm32f1xx_hal_adc.o(i.ADC_ConversionStop_Disable)
    ATAnswerCheck                            0x08000f0d   Thumb Code    52  at_command_parser.o(i.ATAnswerCheck)
    ATHandle                                 0x08000f49   Thumb Code    30  at_command_parser.o(i.ATHandle)
    Active_report                            0x08000f6d   Thumb Code     2  at_command_parser.o(i.Active_report)
    Brd_M5310A_AT_CEREG                      0x08000f71   Thumb Code    34  m5310a.o(i.Brd_M5310A_AT_CEREG)
    Brd_M5310A_AT_CGSN                       0x08000fa1   Thumb Code    34  m5310a.o(i.Brd_M5310A_AT_CGSN)
    Brd_M5310A_AT_CIMI                       0x08000fd1   Thumb Code    34  m5310a.o(i.Brd_M5310A_AT_CIMI)
    Brd_M5310A_AT_CSQ                        0x08001001   Thumb Code    34  m5310a.o(i.Brd_M5310A_AT_CSQ)
    Brd_M5310A_AT_MIPLADDOBJ                 0x08001031   Thumb Code   112  m5310a.o(i.Brd_M5310A_AT_MIPLADDOBJ)
    Brd_M5310A_AT_MIPLCONF                   0x080010bd   Thumb Code   438  m5310a.o(i.Brd_M5310A_AT_MIPLCONF)
    Brd_M5310A_AT_MIPLNOTIFY                 0x080012d1   Thumb Code   124  m5310a.o(i.Brd_M5310A_AT_MIPLNOTIFY)
    Brd_M5310A_AT_MIPLOPEN                   0x08001375   Thumb Code   102  m5310a.o(i.Brd_M5310A_AT_MIPLOPEN)
    Brd_M5310A_Snd_AT                        0x080013f1   Thumb Code    34  m5310a.o(i.Brd_M5310A_Snd_AT)
    BusFault_Handler                         0x0800141d   Thumb Code     4  stm32f1xx_it.o(i.BusFault_Handler)
    DS18B20_Check                            0x08001421   Thumb Code    82  ds18b20.o(i.DS18B20_Check)
    DS18B20_Get_Temp                         0x08001479   Thumb Code    82  ds18b20.o(i.DS18B20_Get_Temp)
    DS18B20_IO_IN                            0x080014cd   Thumb Code    36  ds18b20.o(i.DS18B20_IO_IN)
    DS18B20_IO_OUT                           0x080014f5   Thumb Code    36  ds18b20.o(i.DS18B20_IO_OUT)
    DS18B20_Init                             0x0800151d   Thumb Code    12  ds18b20.o(i.DS18B20_Init)
    DS18B20_Read_Bit                         0x08001529   Thumb Code    68  ds18b20.o(i.DS18B20_Read_Bit)
    DS18B20_Read_Byte                        0x08001571   Thumb Code    34  ds18b20.o(i.DS18B20_Read_Byte)
    DS18B20_Rst                              0x08001595   Thumb Code    42  ds18b20.o(i.DS18B20_Rst)
    DS18B20_Start                            0x080015c5   Thumb Code    24  ds18b20.o(i.DS18B20_Start)
    DS18B20_Write_Byte                       0x080015dd   Thumb Code    96  ds18b20.o(i.DS18B20_Write_Byte)
    DebugMon_Handler                         0x08001641   Thumb Code     2  stm32f1xx_it.o(i.DebugMon_Handler)
    Error_Handler                            0x08001643   Thumb Code     2  main.o(i.Error_Handler)
    HAL_ADC_ConfigChannel                    0x08001645   Thumb Code   338  stm32f1xx_hal_adc.o(i.HAL_ADC_ConfigChannel)
    HAL_ADC_Init                             0x080017a5   Thumb Code   314  stm32f1xx_hal_adc.o(i.HAL_ADC_Init)
    HAL_ADC_MspInit                          0x080018e9   Thumb Code    98  adc.o(i.HAL_ADC_MspInit)
    HAL_DMA_Abort_IT                         0x08001959   Thumb Code   172  stm32f1xx_hal_dma.o(i.HAL_DMA_Abort_IT)
    HAL_Delay                                0x08001a09   Thumb Code    36  stm32f1xx_hal.o(i.HAL_Delay)
    HAL_GPIO_Init                            0x08001a31   Thumb Code   766  stm32f1xx_hal_gpio.o(i.HAL_GPIO_Init)
    HAL_GPIO_ReadPin                         0x08001d51   Thumb Code    16  stm32f1xx_hal_gpio.o(i.HAL_GPIO_ReadPin)
    HAL_GPIO_WritePin                        0x08001d61   Thumb Code    12  stm32f1xx_hal_gpio.o(i.HAL_GPIO_WritePin)
    HAL_GetTick                              0x08001d6d   Thumb Code     6  stm32f1xx_hal.o(i.HAL_GetTick)
    HAL_IncTick                              0x08001d79   Thumb Code    16  stm32f1xx_hal.o(i.HAL_IncTick)
    HAL_Init                                 0x08001d91   Thumb Code    34  stm32f1xx_hal.o(i.HAL_Init)
    HAL_InitTick                             0x08001db9   Thumb Code    64  stm32f1xx_hal.o(i.HAL_InitTick)
    HAL_MspInit                              0x08001e05   Thumb Code    76  stm32f1xx_hal_msp.o(i.HAL_MspInit)
    HAL_NVIC_EnableIRQ                       0x08001e59   Thumb Code    32  stm32f1xx_hal_cortex.o(i.HAL_NVIC_EnableIRQ)
    HAL_NVIC_SetPriority                     0x08001e79   Thumb Code   124  stm32f1xx_hal_cortex.o(i.HAL_NVIC_SetPriority)
    HAL_NVIC_SetPriorityGrouping             0x08001ef5   Thumb Code    32  stm32f1xx_hal_cortex.o(i.HAL_NVIC_SetPriorityGrouping)
    HAL_PWR_EnableBkUpAccess                 0x08001f1d   Thumb Code     8  stm32f1xx_hal_pwr.o(i.HAL_PWR_EnableBkUpAccess)
    HAL_RCCEx_GetPeriphCLKFreq               0x08001f29   Thumb Code   248  stm32f1xx_hal_rcc_ex.o(i.HAL_RCCEx_GetPeriphCLKFreq)
    HAL_RCCEx_PeriphCLKConfig                0x08002041   Thumb Code   290  stm32f1xx_hal_rcc_ex.o(i.HAL_RCCEx_PeriphCLKConfig)
    HAL_RCC_CSSCallback                      0x08002171   Thumb Code     2  stm32f1xx_hal_rcc.o(i.HAL_RCC_CSSCallback)
    HAL_RCC_ClockConfig                      0x08002175   Thumb Code   376  stm32f1xx_hal_rcc.o(i.HAL_RCC_ClockConfig)
    HAL_RCC_EnableCSS                        0x08002301   Thumb Code     8  stm32f1xx_hal_rcc.o(i.HAL_RCC_EnableCSS)
    HAL_RCC_GetHCLKFreq                      0x0800230d   Thumb Code     6  stm32f1xx_hal_rcc.o(i.HAL_RCC_GetHCLKFreq)
    HAL_RCC_GetPCLK1Freq                     0x08002319   Thumb Code    22  stm32f1xx_hal_rcc.o(i.HAL_RCC_GetPCLK1Freq)
    HAL_RCC_GetPCLK2Freq                     0x08002339   Thumb Code    22  stm32f1xx_hal_rcc.o(i.HAL_RCC_GetPCLK2Freq)
    HAL_RCC_GetSysClockFreq                  0x08002359   Thumb Code   116  stm32f1xx_hal_rcc.o(i.HAL_RCC_GetSysClockFreq)
    HAL_RCC_NMI_IRQHandler                   0x080023ed   Thumb Code    26  stm32f1xx_hal_rcc.o(i.HAL_RCC_NMI_IRQHandler)
    HAL_RCC_OscConfig                        0x0800240d   Thumb Code  1114  stm32f1xx_hal_rcc.o(i.HAL_RCC_OscConfig)
    HAL_RTCEx_RTCEventCallback               0x08002871   Thumb Code   138  rtc.o(i.HAL_RTCEx_RTCEventCallback)
    HAL_RTCEx_RTCEventErrorCallback          0x08002919   Thumb Code     2  stm32f1xx_hal_rtc_ex.o(i.HAL_RTCEx_RTCEventErrorCallback)
    HAL_RTCEx_RTCIRQHandler                  0x0800291b   Thumb Code    74  stm32f1xx_hal_rtc_ex.o(i.HAL_RTCEx_RTCIRQHandler)
    HAL_RTCEx_SetSecond_IT                   0x08002965   Thumb Code    58  stm32f1xx_hal_rtc_ex.o(i.HAL_RTCEx_SetSecond_IT)
    HAL_RTC_Init                             0x080029a1   Thumb Code   202  stm32f1xx_hal_rtc.o(i.HAL_RTC_Init)
    HAL_RTC_MspInit                          0x08002a71   Thumb Code    68  rtc.o(i.HAL_RTC_MspInit)
    HAL_RTC_SetDate                          0x08002ac1   Thumb Code   242  stm32f1xx_hal_rtc.o(i.HAL_RTC_SetDate)
    HAL_RTC_SetTime                          0x08002bb9   Thumb Code   214  stm32f1xx_hal_rtc.o(i.HAL_RTC_SetTime)
    HAL_RTC_WaitForSynchro                   0x08002c95   Thumb Code    64  stm32f1xx_hal_rtc.o(i.HAL_RTC_WaitForSynchro)
    HAL_SYSTICK_Config                       0x08002cd5   Thumb Code    52  stm32f1xx_hal_cortex.o(i.HAL_SYSTICK_Config)
    HAL_TIMEx_MasterConfigSynchronization    0x08002d09   Thumb Code    84  stm32f1xx_hal_tim_ex.o(i.HAL_TIMEx_MasterConfigSynchronization)
    HAL_TIM_Base_Init                        0x08002d5d   Thumb Code    52  stm32f1xx_hal_tim.o(i.HAL_TIM_Base_Init)
    HAL_TIM_Base_MspInit                     0x08002d91   Thumb Code    40  tim.o(i.HAL_TIM_Base_MspInit)
    HAL_TIM_Base_Start                       0x08002dbd   Thumb Code    42  stm32f1xx_hal_tim.o(i.HAL_TIM_Base_Start)
    HAL_TIM_Base_Stop                        0x08002de7   Thumb Code    56  stm32f1xx_hal_tim.o(i.HAL_TIM_Base_Stop)
    HAL_TIM_ConfigClockSource                0x08002e1f   Thumb Code   264  stm32f1xx_hal_tim.o(i.HAL_TIM_ConfigClockSource)
    HAL_UART_ErrorCallback                   0x08002f27   Thumb Code     2  stm32f1xx_hal_uart.o(i.HAL_UART_ErrorCallback)
    HAL_UART_IRQHandler                      0x08002f29   Thumb Code   326  stm32f1xx_hal_uart.o(i.HAL_UART_IRQHandler)
    HAL_UART_Init                            0x08003075   Thumb Code   114  stm32f1xx_hal_uart.o(i.HAL_UART_Init)
    HAL_UART_MspInit                         0x080030e9   Thumb Code   240  usart.o(i.HAL_UART_MspInit)
    HAL_UART_Receive_IT                      0x080031e9   Thumb Code   112  stm32f1xx_hal_uart.o(i.HAL_UART_Receive_IT)
    HAL_UART_RxCpltCallback                  0x08003259   Thumb Code    18  usart.o(i.HAL_UART_RxCpltCallback)
    HAL_UART_Transmit                        0x08003271   Thumb Code   214  stm32f1xx_hal_uart.o(i.HAL_UART_Transmit)
    HAL_UART_Transmit_IT                     0x08003347   Thumb Code    88  stm32f1xx_hal_uart.o(i.HAL_UART_Transmit_IT)
    HAL_UART_TxCpltCallback                  0x0800339f   Thumb Code     2  stm32f1xx_hal_uart.o(i.HAL_UART_TxCpltCallback)
    HardFault_Handler                        0x080033a1   Thumb Code     4  stm32f1xx_it.o(i.HardFault_Handler)
    M5310A_Api_Init                          0x080033a5   Thumb Code   478  m5310a.o(i.M5310A_Api_Init)
    M5310A_Hardware_Init                     0x080035f1   Thumb Code    40  m5310a.o(i.M5310A_Hardware_Init)
    M5310A_Recv_Enable_Clear                 0x0800361d   Thumb Code    32  m5310a.o(i.M5310A_Recv_Enable_Clear)
    M5310A_RxCallBack                        0x08003645   Thumb Code   346  m5310a.o(i.M5310A_RxCallBack)
    MESetAtState                             0x080037a9   Thumb Code    16  m5310a.o(i.MESetAtState)
    MX_ADC1_Init                             0x080037bd   Thumb Code    82  adc.o(i.MX_ADC1_Init)
    MX_GPIO_Init                             0x08003819   Thumb Code   172  gpio.o(i.MX_GPIO_Init)
    MX_RTC_Init                              0x080038cd   Thumb Code   106  rtc.o(i.MX_RTC_Init)
    MX_TIM2_Init                             0x08003941   Thumb Code   104  tim.o(i.MX_TIM2_Init)
    MX_USART1_UART_Init                      0x080039ad   Thumb Code    46  usart.o(i.MX_USART1_UART_Init)
    MX_USART2_UART_Init                      0x080039e5   Thumb Code    46  usart.o(i.MX_USART2_UART_Init)
    MemManage_Handler                        0x08003a1d   Thumb Code     4  stm32f1xx_it.o(i.MemManage_Handler)
    NMI_Handler                              0x08003a21   Thumb Code     8  stm32f1xx_it.o(i.NMI_Handler)
    PendSV_Handler                           0x08003a29   Thumb Code     2  stm32f1xx_it.o(i.PendSV_Handler)
    RTC_IRQHandler                           0x08003ae1   Thumb Code    10  stm32f1xx_it.o(i.RTC_IRQHandler)
    SVC_Handler                              0x08003c1d   Thumb Code     2  stm32f1xx_it.o(i.SVC_Handler)
    Send_At_Command                          0x08003c21   Thumb Code   162  m5310a.o(i.Send_At_Command)
    SysTick_Handler                          0x08003ccd   Thumb Code     8  stm32f1xx_it.o(i.SysTick_Handler)
    SystemClock_Config                       0x08003cd5   Thumb Code   146  main.o(i.SystemClock_Config)
    SystemInit                               0x08003d69   Thumb Code    70  system_stm32f1xx.o(i.SystemInit)
    TIM_Base_SetConfig                       0x08003dc1   Thumb Code   104  stm32f1xx_hal_tim.o(i.TIM_Base_SetConfig)
    TIM_ETR_SetConfig                        0x08003e35   Thumb Code    22  stm32f1xx_hal_tim.o(i.TIM_ETR_SetConfig)
    USART2_IRQHandler                        0x08004219   Thumb Code    10  stm32f1xx_it.o(i.USART2_IRQHandler)
    UsageFault_Handler                       0x08004229   Thumb Code     4  stm32f1xx_it.o(i.UsageFault_Handler)
    WaitCSQHandler                           0x0800422d   Thumb Code   114  at_command_parser.o(i.WaitCSQHandler)
    WaitCeregHandler                         0x080042c5   Thumb Code   110  at_command_parser.o(i.WaitCeregHandler)
    WaitCgsnHandler                          0x08004365   Thumb Code   112  at_command_parser.o(i.WaitCgsnHandler)
    WaitCimiHandler                          0x080043fd   Thumb Code   100  at_command_parser.o(i.WaitCimiHandler)
    WaitMipladdobjHandler                    0x08004481   Thumb Code    50  at_command_parser.o(i.WaitMipladdobjHandler)
    WaitMiplcloseHandler                     0x080044c1   Thumb Code   106  at_command_parser.o(i.WaitMiplcloseHandler)
    WaitMiplconfHandler                      0x08004551   Thumb Code    96  at_command_parser.o(i.WaitMiplconfHandler)
    WaitMipldelHandler                       0x080045d5   Thumb Code    46  at_command_parser.o(i.WaitMipldelHandler)
    WaitMipldelobjHandler                    0x08004611   Thumb Code    46  at_command_parser.o(i.WaitMipldelobjHandler)
    WaitMiplnotifyHandler                    0x0800464d   Thumb Code    46  at_command_parser.o(i.WaitMiplnotifyHandler)
    WaitMiplopenHandler                      0x08004689   Thumb Code   170  at_command_parser.o(i.WaitMiplopenHandler)
    WaitMiplreadHandler                      0x08004775   Thumb Code    46  at_command_parser.o(i.WaitMiplreadHandler)
    Wait_Rec_AT                              0x080047b1   Thumb Code    60  m5310a.o(i.Wait_Rec_AT)
    WatiATHandler                            0x080047f1   Thumb Code    46  at_command_parser.o(i.WatiATHandler)
    __0printf                                0x0800482d   Thumb Code    22  printfa.o(i.__0printf)
    __1printf                                0x0800482d   Thumb Code     0  printfa.o(i.__0printf)
    __2printf                                0x0800482d   Thumb Code     0  printfa.o(i.__0printf)
    __c89printf                              0x0800482d   Thumb Code     0  printfa.o(i.__0printf)
    printf                                   0x0800482d   Thumb Code     0  printfa.o(i.__0printf)
    __0snprintf                              0x0800484d   Thumb Code    44  printfa.o(i.__0snprintf)
    __1snprintf                              0x0800484d   Thumb Code     0  printfa.o(i.__0snprintf)
    __2snprintf                              0x0800484d   Thumb Code     0  printfa.o(i.__0snprintf)
    __c89snprintf                            0x0800484d   Thumb Code     0  printfa.o(i.__0snprintf)
    snprintf                                 0x0800484d   Thumb Code     0  printfa.o(i.__0snprintf)
    __0sprintf                               0x0800487d   Thumb Code    34  printfa.o(i.__0sprintf)
    __1sprintf                               0x0800487d   Thumb Code     0  printfa.o(i.__0sprintf)
    __2sprintf                               0x0800487d   Thumb Code     0  printfa.o(i.__0sprintf)
    __c89sprintf                             0x0800487d   Thumb Code     0  printfa.o(i.__0sprintf)
    sprintf                                  0x0800487d   Thumb Code     0  printfa.o(i.__0sprintf)
    __scatterload_copy                       0x080048dd   Thumb Code    14  handlers.o(i.__scatterload_copy)
    __scatterload_null                       0x080048eb   Thumb Code     2  handlers.o(i.__scatterload_null)
    __scatterload_zeroinit                   0x080048ed   Thumb Code    14  handlers.o(i.__scatterload_zeroinit)
    delay_us                                 0x080051d1   Thumb Code    40  tim.o(i.delay_us)
    fputc                                    0x080051fd   Thumb Code    22  usart.o(i.fputc)
    free                                     0x08005219   Thumb Code    76  malloc.o(i.free)
    main                                     0x08005269   Thumb Code   134  main.o(i.main)
    malloc                                   0x08005365   Thumb Code    92  malloc.o(i.malloc)
    AHBPrescTable                            0x080053d0   Data          16  system_stm32f1xx.o(.constdata)
    APBPrescTable                            0x080053e0   Data           8  system_stm32f1xx.o(.constdata)
    ATWaitEventHandler                       0x080053e8   Data          56  at_command_parser.o(.constdata)
    __ctype_categories                       0x08005420   Data          64  ctype_c.o(.constdata)
    Region$$Table$$Base                      0x08005460   Number         0  anon$$obj.o(Region$$Table)
    Region$$Table$$Limit                     0x08005480   Number         0  anon$$obj.o(Region$$Table)
    RTC_sec                                  0x20000000   Data           1  rtc.o(.data)
    uwTick                                   0x20000004   Data           4  stm32f1xx_hal.o(.data)
    uwTickPrio                               0x20000008   Data           4  stm32f1xx_hal.o(.data)
    uwTickFreq                               0x2000000c   Data           1  stm32f1xx_hal.o(.data)
    SystemCoreClock                          0x20000010   Data           4  system_stm32f1xx.o(.data)
    __stdout                                 0x2000001c   Data           4  stdout.o(.data)
    __microlib_freelist                      0x20000020   Data           4  mvars.o(.data)
    __microlib_freelist_initialised          0x20000024   Data           4  mvars.o(.data)
    hadc1                                    0x20000028   Data          48  adc.o(.bss)
    hrtc                                     0x20000058   Data          20  rtc.o(.bss)
    htim2                                    0x2000006c   Data          64  tim.o(.bss)
    huart1                                   0x200000ac   Data          64  usart.o(.bss)
    huart2                                   0x200000ec   Data          64  usart.o(.bss)
    M5310A                                   0x20000130   Data         216  m5310a.o(.bss)
    __heap_base                              0x20000208   Data           0  startup_stm32f103xb.o(HEAP)
    __heap_limit                             0x20000408   Data           0  startup_stm32f103xb.o(HEAP)
    __initial_sp                             0x20000808   Data           0  startup_stm32f103xb.o(STACK)



==============================================================================

Memory Map of the image

  Image Entry point : 0x080000ed

  Load Region LR_IROM1 (Base: 0x08000000, Size: 0x000054a8, Max: 0x00010000, ABSOLUTE)

    Execution Region ER_IROM1 (Exec base: 0x08000000, Load base: 0x08000000, Size: 0x00005480, Max: 0x00010000, ABSOLUTE)

    Exec Addr    Load Addr    Size         Type   Attr      Idx    E Section Name        Object

    0x08000000   0x08000000   0x000000ec   Data   RO            3    RESET               startup_stm32f103xb.o
    0x080000ec   0x080000ec   0x00000000   Code   RO         3802  * .ARM.Collect$$$$00000000  mc_w.l(entry.o)
    0x080000ec   0x080000ec   0x00000004   Code   RO         4118    .ARM.Collect$$$$00000001  mc_w.l(entry2.o)
    0x080000f0   0x080000f0   0x00000004   Code   RO         4121    .ARM.Collect$$$$00000004  mc_w.l(entry5.o)
    0x080000f4   0x080000f4   0x00000000   Code   RO         4123    .ARM.Collect$$$$00000008  mc_w.l(entry7b.o)
    0x080000f4   0x080000f4   0x00000000   Code   RO         4125    .ARM.Collect$$$$0000000A  mc_w.l(entry8b.o)
    0x080000f4   0x080000f4   0x00000008   Code   RO         4126    .ARM.Collect$$$$0000000B  mc_w.l(entry9a.o)
    0x080000fc   0x080000fc   0x00000000   Code   RO         4128    .ARM.Collect$$$$0000000D  mc_w.l(entry10a.o)
    0x080000fc   0x080000fc   0x00000000   Code   RO         4130    .ARM.Collect$$$$0000000F  mc_w.l(entry11a.o)
    0x080000fc   0x080000fc   0x00000004   Code   RO         4119    .ARM.Collect$$$$00002712  mc_w.l(entry2.o)
    0x08000100   0x08000100   0x00000024   Code   RO            4    .text               startup_stm32f103xb.o
    0x08000124   0x08000124   0x00000020   Code   RO         3805    .text               mc_w.l(llushr.o)
    0x08000144   0x08000144   0x00000024   Code   RO         3807    .text               mc_w.l(memcpya.o)
    0x08000168   0x08000168   0x00000024   Code   RO         3809    .text               mc_w.l(memseta.o)
    0x0800018c   0x0800018c   0x0000000e   Code   RO         3811    .text               mc_w.l(strlen.o)
    0x0800019a   0x0800019a   0x0000001e   Code   RO         3813    .text               mc_w.l(strncmp.o)
    0x080001b8   0x080001b8   0x00000038   Code   RO         4106    .text               mc_w.l(__0sscanf.o)
    0x080001f0   0x080001f0   0x00000156   Code   RO         4108    .text               mc_w.l(_scanf_longlong.o)
    0x08000346   0x08000346   0x0000014c   Code   RO         4110    .text               mc_w.l(_scanf_int.o)
    0x08000492   0x08000492   0x0000007c   Code   RO         4112    .text               mf_w.l(fdiv.o)
    0x0800050e   0x0800050e   0x00000012   Code   RO         4114    .text               mf_w.l(fflti.o)
    0x08000520   0x08000520   0x00000026   Code   RO         4116    .text               mf_w.l(f2d.o)
    0x08000546   0x08000546   0x0000002c   Code   RO         4133    .text               mc_w.l(uidiv.o)
    0x08000572   0x08000572   0x00000062   Code   RO         4135    .text               mc_w.l(uldiv.o)
    0x080005d4   0x080005d4   0x0000001c   Code   RO         4139    .text               mc_w.l(_chval.o)
    0x080005f0   0x080005f0   0x00000028   Code   RO         4141    .text               mc_w.l(scanf_char.o)
    0x08000618   0x08000618   0x00000040   Code   RO         4143    .text               mc_w.l(_sgetc.o)
    0x08000658   0x08000658   0x00000000   Code   RO         4145    .text               mc_w.l(iusefp.o)
    0x08000658   0x08000658   0x0000006e   Code   RO         4146    .text               mf_w.l(fepilogue.o)
    0x080006c6   0x080006c6   0x0000014e   Code   RO         4148    .text               mf_w.l(dadd.o)
    0x08000814   0x08000814   0x000000e4   Code   RO         4150    .text               mf_w.l(dmul.o)
    0x080008f8   0x080008f8   0x000000de   Code   RO         4152    .text               mf_w.l(ddiv.o)
    0x080009d6   0x080009d6   0x00000030   Code   RO         4154    .text               mf_w.l(dfixul.o)
    0x08000a06   0x08000a06   0x00000002   PAD
    0x08000a08   0x08000a08   0x00000030   Code   RO         4156    .text               mf_w.l(cdrcmple.o)
    0x08000a38   0x08000a38   0x00000024   Code   RO         4158    .text               mc_w.l(init.o)
    0x08000a5c   0x08000a5c   0x0000001e   Code   RO         4160    .text               mc_w.l(llshl.o)
    0x08000a7a   0x08000a7a   0x00000024   Code   RO         4162    .text               mc_w.l(llsshr.o)
    0x08000a9e   0x08000a9e   0x0000000a   Code   RO         4164    .text               mc_w.l(isspace_c.o)
    0x08000aa8   0x08000aa8   0x0000032c   Code   RO         4166    .text               mc_w.l(_scanf.o)
    0x08000dd4   0x08000dd4   0x000000ba   Code   RO         4168    .text               mf_w.l(depilogue.o)
    0x08000e8e   0x08000e8e   0x00000002   PAD
    0x08000e90   0x08000e90   0x00000028   Code   RO         4170    .text               mc_w.l(ctype_c.o)
    0x08000eb8   0x08000eb8   0x00000052   Code   RO          586    i.ADC_ConversionStop_Disable  stm32f1xx_hal_adc.o
    0x08000f0a   0x08000f0a   0x00000002   PAD
    0x08000f0c   0x08000f0c   0x0000003c   Code   RO         3530    i.ATAnswerCheck     at_command_parser.o
    0x08000f48   0x08000f48   0x00000024   Code   RO         3531    i.ATHandle          at_command_parser.o
    0x08000f6c   0x08000f6c   0x00000002   Code   RO         3532    i.Active_report     at_command_parser.o
    0x08000f6e   0x08000f6e   0x00000002   PAD
    0x08000f70   0x08000f70   0x00000030   Code   RO         3655    i.Brd_M5310A_AT_CEREG  m5310a.o
    0x08000fa0   0x08000fa0   0x00000030   Code   RO         3656    i.Brd_M5310A_AT_CGSN  m5310a.o
    0x08000fd0   0x08000fd0   0x00000030   Code   RO         3657    i.Brd_M5310A_AT_CIMI  m5310a.o
    0x08001000   0x08001000   0x00000030   Code   RO         3658    i.Brd_M5310A_AT_CSQ  m5310a.o
    0x08001030   0x08001030   0x0000008c   Code   RO         3659    i.Brd_M5310A_AT_MIPLADDOBJ  m5310a.o
    0x080010bc   0x080010bc   0x00000214   Code   RO         3661    i.Brd_M5310A_AT_MIPLCONF  m5310a.o
    0x080012d0   0x080012d0   0x000000a4   Code   RO         3662    i.Brd_M5310A_AT_MIPLNOTIFY  m5310a.o
    0x08001374   0x08001374   0x0000007c   Code   RO         3663    i.Brd_M5310A_AT_MIPLOPEN  m5310a.o
    0x080013f0   0x080013f0   0x0000002c   Code   RO         3667    i.Brd_M5310A_Snd_AT  m5310a.o
    0x0800141c   0x0800141c   0x00000004   Code   RO          438    i.BusFault_Handler  stm32f1xx_it.o
    0x08001420   0x08001420   0x00000058   Code   RO         3452    i.DS18B20_Check     ds18b20.o
    0x08001478   0x08001478   0x00000052   Code   RO         3453    i.DS18B20_Get_Temp  ds18b20.o
    0x080014ca   0x080014ca   0x00000002   PAD
    0x080014cc   0x080014cc   0x00000028   Code   RO         3454    i.DS18B20_IO_IN     ds18b20.o
    0x080014f4   0x080014f4   0x00000028   Code   RO         3455    i.DS18B20_IO_OUT    ds18b20.o
    0x0800151c   0x0800151c   0x0000000c   Code   RO         3456    i.DS18B20_Init      ds18b20.o
    0x08001528   0x08001528   0x00000048   Code   RO         3457    i.DS18B20_Read_Bit  ds18b20.o
    0x08001570   0x08001570   0x00000022   Code   RO         3458    i.DS18B20_Read_Byte  ds18b20.o
    0x08001592   0x08001592   0x00000002   PAD
    0x08001594   0x08001594   0x00000030   Code   RO         3459    i.DS18B20_Rst       ds18b20.o
    0x080015c4   0x080015c4   0x00000018   Code   RO         3460    i.DS18B20_Start     ds18b20.o
    0x080015dc   0x080015dc   0x00000064   Code   RO         3461    i.DS18B20_Write_Byte  ds18b20.o
    0x08001640   0x08001640   0x00000002   Code   RO          439    i.DebugMon_Handler  stm32f1xx_it.o
    0x08001642   0x08001642   0x00000002   Code   RO           13    i.Error_Handler     main.o
    0x08001644   0x08001644   0x00000160   Code   RO          592    i.HAL_ADC_ConfigChannel  stm32f1xx_hal_adc.o
    0x080017a4   0x080017a4   0x00000144   Code   RO          601    i.HAL_ADC_Init      stm32f1xx_hal_adc.o
    0x080018e8   0x080018e8   0x00000070   Code   RO          213    i.HAL_ADC_MspInit   adc.o
    0x08001958   0x08001958   0x000000b0   Code   RO         1247    i.HAL_DMA_Abort_IT  stm32f1xx_hal_dma.o
    0x08001a08   0x08001a08   0x00000028   Code   RO          869    i.HAL_Delay         stm32f1xx_hal.o
    0x08001a30   0x08001a30   0x00000320   Code   RO         1182    i.HAL_GPIO_Init     stm32f1xx_hal_gpio.o
    0x08001d50   0x08001d50   0x00000010   Code   RO         1184    i.HAL_GPIO_ReadPin  stm32f1xx_hal_gpio.o
    0x08001d60   0x08001d60   0x0000000c   Code   RO         1186    i.HAL_GPIO_WritePin  stm32f1xx_hal_gpio.o
    0x08001d6c   0x08001d6c   0x0000000c   Code   RO          873    i.HAL_GetTick       stm32f1xx_hal.o
    0x08001d78   0x08001d78   0x00000018   Code   RO          879    i.HAL_IncTick       stm32f1xx_hal.o
    0x08001d90   0x08001d90   0x00000028   Code   RO          880    i.HAL_Init          stm32f1xx_hal.o
    0x08001db8   0x08001db8   0x0000004c   Code   RO          881    i.HAL_InitTick      stm32f1xx_hal.o
    0x08001e04   0x08001e04   0x00000054   Code   RO          526    i.HAL_MspInit       stm32f1xx_hal_msp.o
    0x08001e58   0x08001e58   0x00000020   Code   RO         1342    i.HAL_NVIC_EnableIRQ  stm32f1xx_hal_cortex.o
    0x08001e78   0x08001e78   0x0000007c   Code   RO         1348    i.HAL_NVIC_SetPriority  stm32f1xx_hal_cortex.o
    0x08001ef4   0x08001ef4   0x00000028   Code   RO         1349    i.HAL_NVIC_SetPriorityGrouping  stm32f1xx_hal_cortex.o
    0x08001f1c   0x08001f1c   0x0000000c   Code   RO         1469    i.HAL_PWR_EnableBkUpAccess  stm32f1xx_hal_pwr.o
    0x08001f28   0x08001f28   0x00000118   Code   RO         1144    i.HAL_RCCEx_GetPeriphCLKFreq  stm32f1xx_hal_rcc_ex.o
    0x08002040   0x08002040   0x00000130   Code   RO         1145    i.HAL_RCCEx_PeriphCLKConfig  stm32f1xx_hal_rcc_ex.o
    0x08002170   0x08002170   0x00000002   Code   RO         1036    i.HAL_RCC_CSSCallback  stm32f1xx_hal_rcc.o
    0x08002172   0x08002172   0x00000002   PAD
    0x08002174   0x08002174   0x0000018c   Code   RO         1037    i.HAL_RCC_ClockConfig  stm32f1xx_hal_rcc.o
    0x08002300   0x08002300   0x0000000c   Code   RO         1040    i.HAL_RCC_EnableCSS  stm32f1xx_hal_rcc.o
    0x0800230c   0x0800230c   0x0000000c   Code   RO         1042    i.HAL_RCC_GetHCLKFreq  stm32f1xx_hal_rcc.o
    0x08002318   0x08002318   0x00000020   Code   RO         1044    i.HAL_RCC_GetPCLK1Freq  stm32f1xx_hal_rcc.o
    0x08002338   0x08002338   0x00000020   Code   RO         1045    i.HAL_RCC_GetPCLK2Freq  stm32f1xx_hal_rcc.o
    0x08002358   0x08002358   0x00000094   Code   RO         1046    i.HAL_RCC_GetSysClockFreq  stm32f1xx_hal_rcc.o
    0x080023ec   0x080023ec   0x00000020   Code   RO         1048    i.HAL_RCC_NMI_IRQHandler  stm32f1xx_hal_rcc.o
    0x0800240c   0x0800240c   0x00000464   Code   RO         1049    i.HAL_RCC_OscConfig  stm32f1xx_hal_rcc.o
    0x08002870   0x08002870   0x000000a8   Code   RO          254    i.HAL_RTCEx_RTCEventCallback  rtc.o
    0x08002918   0x08002918   0x00000002   Code   RO         2049    i.HAL_RTCEx_RTCEventErrorCallback  stm32f1xx_hal_rtc_ex.o
    0x0800291a   0x0800291a   0x0000004a   Code   RO         2050    i.HAL_RTCEx_RTCIRQHandler  stm32f1xx_hal_rtc_ex.o
    0x08002964   0x08002964   0x0000003a   Code   RO         2051    i.HAL_RTCEx_SetSecond_IT  stm32f1xx_hal_rtc_ex.o
    0x0800299e   0x0800299e   0x00000002   PAD
    0x080029a0   0x080029a0   0x000000d0   Code   RO         1876    i.HAL_RTC_Init      stm32f1xx_hal_rtc.o
    0x08002a70   0x08002a70   0x00000050   Code   RO          256    i.HAL_RTC_MspInit   rtc.o
    0x08002ac0   0x08002ac0   0x000000f8   Code   RO         1882    i.HAL_RTC_SetDate   stm32f1xx_hal_rtc.o
    0x08002bb8   0x08002bb8   0x000000dc   Code   RO         1883    i.HAL_RTC_SetTime   stm32f1xx_hal_rtc.o
    0x08002c94   0x08002c94   0x00000040   Code   RO         1884    i.HAL_RTC_WaitForSynchro  stm32f1xx_hal_rtc.o
    0x08002cd4   0x08002cd4   0x00000034   Code   RO         1353    i.HAL_SYSTICK_Config  stm32f1xx_hal_cortex.o
    0x08002d08   0x08002d08   0x00000054   Code   RO         2851    i.HAL_TIMEx_MasterConfigSynchronization  stm32f1xx_hal_tim_ex.o
    0x08002d5c   0x08002d5c   0x00000034   Code   RO         2147    i.HAL_TIM_Base_Init  stm32f1xx_hal_tim.o
    0x08002d90   0x08002d90   0x0000002c   Code   RO          328    i.HAL_TIM_Base_MspInit  tim.o
    0x08002dbc   0x08002dbc   0x0000002a   Code   RO         2150    i.HAL_TIM_Base_Start  stm32f1xx_hal_tim.o
    0x08002de6   0x08002de6   0x00000038   Code   RO         2153    i.HAL_TIM_Base_Stop  stm32f1xx_hal_tim.o
    0x08002e1e   0x08002e1e   0x00000108   Code   RO         2156    i.HAL_TIM_ConfigClockSource  stm32f1xx_hal_tim.o
    0x08002f26   0x08002f26   0x00000002   Code   RO         3105    i.HAL_UART_ErrorCallback  stm32f1xx_hal_uart.o
    0x08002f28   0x08002f28   0x0000014c   Code   RO         3108    i.HAL_UART_IRQHandler  stm32f1xx_hal_uart.o
    0x08003074   0x08003074   0x00000072   Code   RO         3109    i.HAL_UART_Init     stm32f1xx_hal_uart.o
    0x080030e6   0x080030e6   0x00000002   PAD
    0x080030e8   0x080030e8   0x00000100   Code   RO          376    i.HAL_UART_MspInit  usart.o
    0x080031e8   0x080031e8   0x00000070   Code   RO         3114    i.HAL_UART_Receive_IT  stm32f1xx_hal_uart.o
    0x08003258   0x08003258   0x00000018   Code   RO          377    i.HAL_UART_RxCpltCallback  usart.o
    0x08003270   0x08003270   0x000000d6   Code   RO         3117    i.HAL_UART_Transmit  stm32f1xx_hal_uart.o
    0x08003346   0x08003346   0x00000058   Code   RO         3119    i.HAL_UART_Transmit_IT  stm32f1xx_hal_uart.o
    0x0800339e   0x0800339e   0x00000002   Code   RO         3120    i.HAL_UART_TxCpltCallback  stm32f1xx_hal_uart.o
    0x080033a0   0x080033a0   0x00000004   Code   RO          440    i.HardFault_Handler  stm32f1xx_it.o
    0x080033a4   0x080033a4   0x0000024c   Code   RO         3668    i.M5310A_Api_Init   m5310a.o
    0x080035f0   0x080035f0   0x0000002c   Code   RO         3669    i.M5310A_Hardware_Init  m5310a.o
    0x0800361c   0x0800361c   0x00000028   Code   RO         3670    i.M5310A_Recv_Enable_Clear  m5310a.o
    0x08003644   0x08003644   0x00000164   Code   RO         3671    i.M5310A_RxCallBack  m5310a.o
    0x080037a8   0x080037a8   0x00000014   Code   RO         3673    i.MESetAtState      m5310a.o
    0x080037bc   0x080037bc   0x0000005c   Code   RO          214    i.MX_ADC1_Init      adc.o
    0x08003818   0x08003818   0x000000b4   Code   RO          188    i.MX_GPIO_Init      gpio.o
    0x080038cc   0x080038cc   0x00000074   Code   RO          257    i.MX_RTC_Init       rtc.o
    0x08003940   0x08003940   0x0000006c   Code   RO          329    i.MX_TIM2_Init      tim.o
    0x080039ac   0x080039ac   0x00000038   Code   RO          378    i.MX_USART1_UART_Init  usart.o
    0x080039e4   0x080039e4   0x00000038   Code   RO          379    i.MX_USART2_UART_Init  usart.o
    0x08003a1c   0x08003a1c   0x00000004   Code   RO          441    i.MemManage_Handler  stm32f1xx_it.o
    0x08003a20   0x08003a20   0x00000008   Code   RO          442    i.NMI_Handler       stm32f1xx_it.o
    0x08003a28   0x08003a28   0x00000002   Code   RO          443    i.PendSV_Handler    stm32f1xx_it.o
    0x08003a2a   0x08003a2a   0x00000002   PAD
    0x08003a2c   0x08003a2c   0x00000028   Code   RO         1050    i.RCC_Delay         stm32f1xx_hal_rcc.o
    0x08003a54   0x08003a54   0x00000016   Code   RO         1885    i.RTC_Bcd2ToByte    stm32f1xx_hal_rtc.o
    0x08003a6a   0x08003a6a   0x0000003a   Code   RO         1888    i.RTC_EnterInitMode  stm32f1xx_hal_rtc.o
    0x08003aa4   0x08003aa4   0x0000003a   Code   RO         1889    i.RTC_ExitInitMode  stm32f1xx_hal_rtc.o
    0x08003ade   0x08003ade   0x00000002   PAD
    0x08003ae0   0x08003ae0   0x00000010   Code   RO          444    i.RTC_IRQHandler    stm32f1xx_it.o
    0x08003af0   0x08003af0   0x00000018   Code   RO         1891    i.RTC_ReadAlarmCounter  stm32f1xx_hal_rtc.o
    0x08003b08   0x08003b08   0x00000034   Code   RO         1892    i.RTC_ReadTimeCounter  stm32f1xx_hal_rtc.o
    0x08003b3c   0x08003b3c   0x00000084   Code   RO         1893    i.RTC_WeekDayNum    stm32f1xx_hal_rtc.o
    0x08003bc0   0x08003bc0   0x0000002e   Code   RO         1894    i.RTC_WriteAlarmCounter  stm32f1xx_hal_rtc.o
    0x08003bee   0x08003bee   0x0000002e   Code   RO         1895    i.RTC_WriteTimeCounter  stm32f1xx_hal_rtc.o
    0x08003c1c   0x08003c1c   0x00000002   Code   RO          445    i.SVC_Handler       stm32f1xx_it.o
    0x08003c1e   0x08003c1e   0x00000002   PAD
    0x08003c20   0x08003c20   0x000000ac   Code   RO         3674    i.Send_At_Command   m5310a.o
    0x08003ccc   0x08003ccc   0x00000008   Code   RO          446    i.SysTick_Handler   stm32f1xx_it.o
    0x08003cd4   0x08003cd4   0x00000092   Code   RO           14    i.SystemClock_Config  main.o
    0x08003d66   0x08003d66   0x00000002   PAD
    0x08003d68   0x08003d68   0x00000058   Code   RO         3416    i.SystemInit        system_stm32f1xx.o
    0x08003dc0   0x08003dc0   0x00000074   Code   RO         2235    i.TIM_Base_SetConfig  stm32f1xx_hal_tim.o
    0x08003e34   0x08003e34   0x00000016   Code   RO         2246    i.TIM_ETR_SetConfig  stm32f1xx_hal_tim.o
    0x08003e4a   0x08003e4a   0x00000012   Code   RO         2247    i.TIM_ITRx_SetConfig  stm32f1xx_hal_tim.o
    0x08003e5c   0x08003e5c   0x00000026   Code   RO         2253    i.TIM_TI1_ConfigInputStage  stm32f1xx_hal_tim.o
    0x08003e82   0x08003e82   0x00000028   Code   RO         2255    i.TIM_TI2_ConfigInputStage  stm32f1xx_hal_tim.o
    0x08003eaa   0x08003eaa   0x00000014   Code   RO         3122    i.UART_DMAAbortOnError  stm32f1xx_hal_uart.o
    0x08003ebe   0x08003ebe   0x00000020   Code   RO         3132    i.UART_EndRxTransfer  stm32f1xx_hal_uart.o
    0x08003ede   0x08003ede   0x00000020   Code   RO         3133    i.UART_EndTransmit_IT  stm32f1xx_hal_uart.o
    0x08003efe   0x08003efe   0x000000a6   Code   RO         3135    i.UART_Receive_IT   stm32f1xx_hal_uart.o
    0x08003fa4   0x08003fa4   0x000001a0   Code   RO         3136    i.UART_SetConfig    stm32f1xx_hal_uart.o
    0x08004144   0x08004144   0x00000068   Code   RO         3137    i.UART_Transmit_IT  stm32f1xx_hal_uart.o
    0x080041ac   0x080041ac   0x0000006c   Code   RO         3138    i.UART_WaitOnFlagUntilTimeout  stm32f1xx_hal_uart.o
    0x08004218   0x08004218   0x00000010   Code   RO          447    i.USART2_IRQHandler  stm32f1xx_it.o
    0x08004228   0x08004228   0x00000004   Code   RO          448    i.UsageFault_Handler  stm32f1xx_it.o
    0x0800422c   0x0800422c   0x00000098   Code   RO         3533    i.WaitCSQHandler    at_command_parser.o
    0x080042c4   0x080042c4   0x000000a0   Code   RO         3534    i.WaitCeregHandler  at_command_parser.o
    0x08004364   0x08004364   0x00000098   Code   RO         3535    i.WaitCgsnHandler   at_command_parser.o
    0x080043fc   0x080043fc   0x00000084   Code   RO         3536    i.WaitCimiHandler   at_command_parser.o
    0x08004480   0x08004480   0x00000040   Code   RO         3537    i.WaitMipladdobjHandler  at_command_parser.o
    0x080044c0   0x080044c0   0x00000090   Code   RO         3538    i.WaitMiplcloseHandler  at_command_parser.o
    0x08004550   0x08004550   0x00000084   Code   RO         3539    i.WaitMiplconfHandler  at_command_parser.o
    0x080045d4   0x080045d4   0x0000003c   Code   RO         3540    i.WaitMipldelHandler  at_command_parser.o
    0x08004610   0x08004610   0x0000003c   Code   RO         3541    i.WaitMipldelobjHandler  at_command_parser.o
    0x0800464c   0x0800464c   0x0000003c   Code   RO         3542    i.WaitMiplnotifyHandler  at_command_parser.o
    0x08004688   0x08004688   0x000000ec   Code   RO         3543    i.WaitMiplopenHandler  at_command_parser.o
    0x08004774   0x08004774   0x0000003c   Code   RO         3544    i.WaitMiplreadHandler  at_command_parser.o
    0x080047b0   0x080047b0   0x00000040   Code   RO         3675    i.Wait_Rec_AT       m5310a.o
    0x080047f0   0x080047f0   0x0000003c   Code   RO         3546    i.WatiATHandler     at_command_parser.o
    0x0800482c   0x0800482c   0x00000020   Code   RO         4050    i.__0printf         mc_w.l(printfa.o)
    0x0800484c   0x0800484c   0x00000030   Code   RO         4051    i.__0snprintf       mc_w.l(printfa.o)
    0x0800487c   0x0800487c   0x00000028   Code   RO         4052    i.__0sprintf        mc_w.l(printfa.o)
    0x080048a4   0x080048a4   0x00000010   Code   RO         1355    i.__NVIC_GetPriorityGrouping  stm32f1xx_hal_cortex.o
    0x080048b4   0x080048b4   0x00000028   Code   RO         1356    i.__NVIC_SetPriority  stm32f1xx_hal_cortex.o
    0x080048dc   0x080048dc   0x0000000e   Code   RO         4175    i.__scatterload_copy  mc_w.l(handlers.o)
    0x080048ea   0x080048ea   0x00000002   Code   RO         4176    i.__scatterload_null  mc_w.l(handlers.o)
    0x080048ec   0x080048ec   0x0000000e   Code   RO         4177    i.__scatterload_zeroinit  mc_w.l(handlers.o)
    0x080048fa   0x080048fa   0x00000002   PAD
    0x080048fc   0x080048fc   0x00000184   Code   RO         4057    i._fp_digits        mc_w.l(printfa.o)
    0x08004a80   0x08004a80   0x000006dc   Code   RO         4058    i._printf_core      mc_w.l(printfa.o)
    0x0800515c   0x0800515c   0x00000024   Code   RO         4059    i._printf_post_padding  mc_w.l(printfa.o)
    0x08005180   0x08005180   0x0000002e   Code   RO         4060    i._printf_pre_padding  mc_w.l(printfa.o)
    0x080051ae   0x080051ae   0x00000016   Code   RO         4061    i._snputc           mc_w.l(printfa.o)
    0x080051c4   0x080051c4   0x0000000a   Code   RO         4062    i._sputc            mc_w.l(printfa.o)
    0x080051ce   0x080051ce   0x00000002   PAD
    0x080051d0   0x080051d0   0x0000002c   Code   RO          330    i.delay_us          tim.o
    0x080051fc   0x080051fc   0x0000001c   Code   RO          380    i.fputc             usart.o
    0x08005218   0x08005218   0x00000050   Code   RO         4078    i.free              mc_w.l(malloc.o)
    0x08005268   0x08005268   0x000000fc   Code   RO           15    i.main              main.o
    0x08005364   0x08005364   0x0000006c   Code   RO         4079    i.malloc            mc_w.l(malloc.o)
    0x080053d0   0x080053d0   0x00000018   Data   RO         3417    .constdata          system_stm32f1xx.o
    0x080053e8   0x080053e8   0x00000038   Data   RO         3547    .constdata          at_command_parser.o
    0x08005420   0x08005420   0x00000040   Data   RO         4171    .constdata          mc_w.l(ctype_c.o)
    0x08005460   0x08005460   0x00000020   Data   RO         4173    Region$$Table       anon$$obj.o


    Execution Region RW_IRAM1 (Exec base: 0x20000000, Load base: 0x08005480, Size: 0x00000808, Max: 0x00005000, ABSOLUTE)

    Exec Addr    Load Addr    Size         Type   Attr      Idx    E Section Name        Object

    0x20000000   0x08005480   0x00000001   Data   RW          259    .data               rtc.o
    0x20000001   0x08005481   0x00000003   PAD
    0x20000004   0x08005484   0x00000009   Data   RW          887    .data               stm32f1xx_hal.o
    0x2000000d   0x0800548d   0x00000003   PAD
    0x20000010   0x08005490   0x00000004   Data   RW         3418    .data               system_stm32f1xx.o
    0x20000014   0x08005494   0x00000007   Data   RW         3548    .data               at_command_parser.o
    0x2000001b   0x0800549b   0x00000001   PAD
    0x2000001c   0x0800549c   0x00000004   Data   RW         4132    .data               mc_w.l(stdout.o)
    0x20000020   0x080054a0   0x00000004   Data   RW         4137    .data               mc_w.l(mvars.o)
    0x20000024   0x080054a4   0x00000004   Data   RW         4138    .data               mc_w.l(mvars.o)
    0x20000028        -       0x00000030   Zero   RW          215    .bss                adc.o
    0x20000058        -       0x00000014   Zero   RW          258    .bss                rtc.o
    0x2000006c        -       0x00000040   Zero   RW          331    .bss                tim.o
    0x200000ac        -       0x00000080   Zero   RW          381    .bss                usart.o
    0x2000012c   0x080054a8   0x00000004   PAD
    0x20000130        -       0x000000d8   Zero   RW         3676    .bss                m5310a.o
    0x20000208        -       0x00000200   Zero   RW            2    HEAP                startup_stm32f103xb.o
    0x20000408        -       0x00000400   Zero   RW            1    STACK               startup_stm32f103xb.o


==============================================================================

Image component sizes


      Code (inc. data)   RO Data    RW Data    ZI Data      Debug   Object Name

       204         24          0          0         48       1481   adc.o
      1570        398         56          7          0      10327   at_command_parser.o
       540         28          0          0          0       5193   ds18b20.o
       180          8          0          0          0        851   gpio.o
      2480        410          0          0        216      10660   m5310a.o
       400        118          0          0          0     448453   main.o
       364         52          0          1         20       2156   rtc.o
        36          8        236          0       1536        772   startup_stm32f103xb.o
       192         36          0          9          0       5621   stm32f1xx_hal.o
       758         24          0          0          0       2980   stm32f1xx_hal_adc.o
       304         22          0          0          0      29183   stm32f1xx_hal_cortex.o
       176          4          0          0          0       1027   stm32f1xx_hal_dma.o
       828         34          0          0          0       3183   stm32f1xx_hal_gpio.o
        84          8          0          0          0        798   stm32f1xx_hal_msp.o
        12          4          0          0          0        483   stm32f1xx_hal_pwr.o
      1830        120          0          0          0       7183   stm32f1xx_hal_rcc.o
       584         46          0          0          0       2301   stm32f1xx_hal_rcc_ex.o
      1178         18          0          0          0       8616   stm32f1xx_hal_rtc.o
       134          0          0          0          0       2105   stm32f1xx_hal_rtc_ex.o
       648         12          0          0          0       6262   stm32f1xx_hal_tim.o
        84          0          0          0          0       1192   stm32f1xx_hal_tim_ex.o
      1742         10          0          0          0       9722   stm32f1xx_hal_uart.o
        70         12          0          0          0       4399   stm32f1xx_it.o
        88         18         24          4          0       1063   system_stm32f1xx.o
       196         12          0          0         64       1925   tim.o
       420         48          0          0        128       3077   usart.o

    ----------------------------------------------------------------------
     15124       1474        348         28       2016     571013   Object Totals
         0          0         32          0          0          0   (incl. Generated)
        22          0          0          7          4          0   (incl. Padding)

    ----------------------------------------------------------------------

      Code (inc. data)   RO Data    RW Data    ZI Data      Debug   Library Member Name

        56          8          0          0          0         84   __0sscanf.o
        28          0          0          0          0         68   _chval.o
       812          4          0          0          0        112   _scanf.o
       332          0          0          0          0         96   _scanf_int.o
       342          0          0          0          0        100   _scanf_longlong.o
        64          0          0          0          0         84   _sgetc.o
        40          6         64          0          0         68   ctype_c.o
         0          0          0          0          0          0   entry.o
         0          0          0          0          0          0   entry10a.o
         0          0          0          0          0          0   entry11a.o
         8          4          0          0          0          0   entry2.o
         4          0          0          0          0          0   entry5.o
         0          0          0          0          0          0   entry7b.o
         0          0          0          0          0          0   entry8b.o
         8          4          0          0          0          0   entry9a.o
        30          0          0          0          0          0   handlers.o
        36          8          0          0          0         68   init.o
        10          0          0          0          0         68   isspace_c.o
         0          0          0          0          0          0   iusefp.o
        30          0          0          0          0         68   llshl.o
        36          0          0          0          0         68   llsshr.o
        32          0          0          0          0         68   llushr.o
       188         20          0          0          0        160   malloc.o
        36          0          0          0          0         68   memcpya.o
        36          0          0          0          0        108   memseta.o
         0          0          0          8          0          0   mvars.o
      2378        100          0          0          0        756   printfa.o
        40          8          0          0          0         84   scanf_char.o
         0          0          0          4          0          0   stdout.o
        14          0          0          0          0         68   strlen.o
        30          0          0          0          0         80   strncmp.o
        44          0          0          0          0         80   uidiv.o
        98          0          0          0          0         92   uldiv.o
        48          0          0          0          0         68   cdrcmple.o
       334          0          0          0          0        148   dadd.o
       222          0          0          0          0        100   ddiv.o
       186          0          0          0          0        176   depilogue.o
        48          0          0          0          0         68   dfixul.o
       228          0          0          0          0         96   dmul.o
        38          0          0          0          0         68   f2d.o
       124          0          0          0          0         88   fdiv.o
       110          0          0          0          0        168   fepilogue.o
        18          0          0          0          0         68   fflti.o

    ----------------------------------------------------------------------
      6096        162         64         12          0       3496   Library Totals
         8          0          0          0          0          0   (incl. Padding)

    ----------------------------------------------------------------------

      Code (inc. data)   RO Data    RW Data    ZI Data      Debug   Library Name

      4732        162         64         12          0       2448   mc_w.l
      1356          0          0          0          0       1048   mf_w.l

    ----------------------------------------------------------------------
      6096        162         64         12          0       3496   Library Totals

    ----------------------------------------------------------------------

==============================================================================


      Code (inc. data)   RO Data    RW Data    ZI Data      Debug   

     21220       1636        412         40       2016     565613   Grand Totals
     21220       1636        412         40       2016     565613   ELF Image Totals
     21220       1636        412         40          0          0   ROM Totals

==============================================================================

    Total RO  Size (Code + RO Data)                21632 (  21.13kB)
    Total RW  Size (RW Data + ZI Data)              2056 (   2.01kB)
    Total ROM Size (Code + RO Data + RW Data)      21672 (  21.16kB)

==============================================================================

